2026-06-06 17:34:23.857 INFO  [http-nio-8080-exec-2] ControllerLogger - methodName=askTime=47872
2026-06-06 17:34:23.858 INFO  [http-nio-8080-exec-2] ControllerLogger - ObjectResult(message=Redis 是一个高性能的键值存储系统，支持多种数据结构，并且具有快速读写和持久化能力。为了达到最快的读写速度，Redis 将数据读到内存中，并通过异步的方式将数据写入磁盘。, data=null, code=200)
2026-06-06 17:37:53.257 INFO  [http-nio-8080-exec-1] ControllerLogger - methodName=askTime=1458
2026-06-06 17:37:53.257 INFO  [http-nio-8080-exec-1] ControllerLogger - ObjectResult(message=Redis 是一个高性能的键值存储系统，支持多种数据结构，并且具有快速读写和持久化能力。为了达到最快的读写速度，Redis 将数据读到内存中，并通过异步的方式将数据写入磁盘。, data=null, code=200)
2026-06-06 17:53:02.553 INFO  [http-nio-8080-exec-2] ControllerLogger - methodName=askTime=9842
2026-06-06 17:53:02.554 INFO  [http-nio-8080-exec-2] ControllerLogger - ObjectResult(message=Java 不是纯面向对象语言，因为它包含基本数据类型如 int 和 long。Java 具有简单易学、面向对象、平台无关性、支持网络编程、支持多线程和健壮性好的特点。, data=null, code=200)
2026-06-06 17:54:36.299 INFO  [http-nio-8080-exec-4] ControllerLogger - methodName=askTime=1454
2026-06-06 17:54:36.299 INFO  [http-nio-8080-exec-4] ControllerLogger - ObjectResult(message=Java是一种面向对象的编程语言，但不是纯面向对象的语言，因为它包含基本数据类型如int、long等。Java具有简单易学、面向对象、平台无关性、支持网络编程、支持多线程和健壮性好的特点。, data=null, code=200)
2026-06-06 17:55:10.460 INFO  [http-nio-8080-exec-10] ControllerLogger - methodName=askTime=1209
2026-06-06 17:55:10.460 INFO  [http-nio-8080-exec-10] ControllerLogger - ObjectResult(message=Java 不是纯面向对象语言，因为它包含基本数据类型。Java 具有简单易学、面向对象、平台无关性、支持网络编程、支持多线程和健壮性好的特点。, data=null, code=200)
2026-06-06 18:01:29.651 INFO  [http-nio-8080-exec-1] ControllerLogger - methodName=askTime=6915
2026-06-06 18:01:29.651 INFO  [http-nio-8080-exec-1] ControllerLogger - ObjectResult(message=Java是一种面向对象的编程语言，但不是纯面向对象的语言，因为它包含基本数据类型如int、long等。Java具有简单易学、面向对象、平台无关性、支持网络编程、支持多线程和健壮性好的特点。, data=null, code=200)
2026-06-06 18:05:21.026 INFO  [http-nio-8080-exec-3] ControllerLogger - methodName=askTime=1316
2026-06-06 18:05:21.026 INFO  [http-nio-8080-exec-3] ControllerLogger - ObjectResult(message=Java是一种面向对象的语言，但不是纯面向对象的，因为它包含基本数据类型如int、long等。Java具有简单易学、面向对象、平台无关性、支持网络编程、支持多线程和健壮性好的特点。, data=null, code=200)
2026-06-06 18:06:13.990 INFO  [http-nio-8080-exec-4] ControllerLogger - methodName=askTime=5686
2026-06-06 18:06:13.990 INFO  [http-nio-8080-exec-4] ControllerLogger - ObjectResult(message=Java 是一种面向对象的语言，但不是纯面向对象的，因为它包含基本数据类型如 int、long 等。Java 特点包括简单易学、面向对象、平台无关性、支持网络编程、支持多线程和健壮性好。, data=null, code=200)
2026-06-06 18:06:44.748 INFO  [http-nio-8080-exec-8] ControllerLogger - methodName=askTime=12408
2026-06-06 18:06:44.748 INFO  [http-nio-8080-exec-8] ControllerLogger - ObjectResult(message=面向对象是一种编程 paradigm，其三大特性包括封装、继承和多态。, data=null, code=200)
2026-06-06 18:08:57.867 INFO  [http-nio-8080-exec-7] ControllerLogger - methodName=askTime=727
2026-06-06 18:08:57.867 INFO  [http-nio-8080-exec-7] ControllerLogger - ObjectResult(message=面向对象是一种程序设计方法，其三大特性是封装、继承和多态。, data=null, code=200)
2026-06-06 18:09:16.101 INFO  [http-nio-8080-exec-5] ControllerLogger - methodName=askTime=1442
2026-06-06 18:09:16.101 INFO  [http-nio-8080-exec-5] ControllerLogger - ObjectResult(message=Java 是一种面向对象的语言，但不是纯面向对象的，因为它包含基本数据类型如 int 和 long。Java 具有简单易学、面向对象、平台无关性、支持网络编程、支持多线程和健壮性好的特点。, data=null, code=200)
2026-06-06 18:09:24.414 INFO  [http-nio-8080-exec-6] ControllerLogger - methodName=askTime=777
2026-06-06 18:09:24.414 INFO  [http-nio-8080-exec-6] ControllerLogger - ObjectResult(message=面向对象是一种编程思想，其三大特性是封装、继承和多态。, data=null, code=200)
2026-06-06 18:09:33.529 INFO  [http-nio-8080-exec-9] ControllerLogger - methodName=askTime=759
2026-06-06 18:09:33.529 INFO  [http-nio-8080-exec-9] ControllerLogger - ObjectResult(message=1+1等于2。, data=null, code=200)
2026-06-06 18:09:46.515 INFO  [http-nio-8080-exec-10] ControllerLogger - methodName=askTime=4931
2026-06-06 18:09:46.515 INFO  [http-nio-8080-exec-10] ControllerLogger - ObjectResult(message=我是PaperWise刷题助手，专门帮助用户学习计算机知识。, data=null, code=200)
2026-06-06 18:10:01.341 INFO  [http-nio-8080-exec-2] ControllerLogger - methodName=askTime=992
2026-06-06 18:10:01.341 INFO  [http-nio-8080-exec-2] ControllerLogger - ObjectResult(message=MyBatis的优点不包括完全自动映射。其功能架构分为API接口层、数据处理层和基础支撑层。, data=null, code=200)
2026-06-06 18:10:14.837 INFO  [http-nio-8080-exec-1] ControllerLogger - methodName=askTime=926
2026-06-06 18:10:14.838 INFO  [http-nio-8080-exec-1] ControllerLogger - ObjectResult(message=MyBatis的优点不包括完全自动映射。其功能架构分为API接口层、数据处理层和基础支撑层。, data=null, code=200)
2026-06-06 18:10:41.581 INFO  [http-nio-8080-exec-3] ControllerLogger - methodName=askTime=6215
2026-06-06 18:10:41.581 INFO  [http-nio-8080-exec-3] ControllerLogger - ObjectResult(message=根据资料，MyBatis的缺点包括：
- 完全自动映射（实际上MyBatis是半自动映射框架）。, data=null, code=200)
2026-06-06 18:15:30.361 INFO  [http-nio-8080-exec-1] ControllerLogger - methodName=askTime=1321
2026-06-06 18:15:30.361 INFO  [http-nio-8080-exec-1] ControllerLogger - ObjectResult(message=MyBatis的缺点包括完全自动映射，因为它是一个半自动映射框架，不是全自动映射。其他未提及的缺点无法从给定信息中得知。, data=null, code=200)
2026-06-06 18:20:37.065 INFO  [http-nio-8080-exec-1] ControllerLogger - methodName=askTime=5483
2026-06-06 18:20:37.065 INFO  [http-nio-8080-exec-1] ControllerLogger - ObjectResult(message=MyBatis的缺点包括完全自动映射。实际上，MyBatis是一个半自动映射框架，需要开发者手动配置一些内容。, data=null, code=200)
2026-06-06 18:24:32.306 INFO  [http-nio-8080-exec-5] ControllerLogger - methodName=askTime=6291
2026-06-06 18:24:32.306 INFO  [http-nio-8080-exec-5] ControllerLogger - ObjectResult(message=用编程写个10以内数字和：
```python
sum = sum(range(1, 11))
print(sum)
```
输出结果为：55, data=null, code=200)
2026-06-06 18:47:50.902 INFO  [http-nio-8080-exec-2] ControllerLogger - methodName=askTime=5535
2026-06-06 18:47:50.903 INFO  [http-nio-8080-exec-2] ControllerLogger - ObjectResult(message=当前没有您的错题记录。如果您已经登录并同步了错题，请重新尝试查询。如有其他问题，欢迎继续咨询！, data=null, code=200)
2026-06-06 18:49:01.219 INFO  [http-nio-8080-exec-1] ControllerLogger - methodName=askTime=2590
2026-06-06 18:49:01.219 INFO  [http-nio-8080-exec-1] ControllerLogger - ObjectResult(message=不知道您需要了解关于哪个题目的信息。根据提供的资料，以下是两个编程相关的问题和答案：

1. **题目：编程的定义是什么？**
   - 答案："编程就是让计算机为解决某个问题而使用某种程序设计语言编写程序代码，并最终得到结果的过程。"

2. **题目：针对请求访问的几个组合注解有哪些？**
   - 答案："@PatchMapping、@PostMapping、@GetMapping、@PutMapping、@DeleteMapping", data=null, code=200)
2026-06-06 18:49:13.850 INFO  [http-nio-8080-exec-2] ControllerLogger - methodName=askTime=1204
2026-06-06 18:49:13.850 INFO  [http-nio-8080-exec-2] ControllerLogger - ObjectResult(message=目前您没有登录状态，无法查看您的错题记录。请先登录以获取您的错题信息。, data=null, code=200)
2026-06-06 18:50:07.057 INFO  [http-nio-8080-exec-1] ControllerLogger - methodName=askTime=1806
2026-06-06 18:50:07.057 INFO  [http-nio-8080-exec-1] ControllerLogger - ObjectResult(message=目前您没有登录账号，无法查看您的错题记录。请先登录。, data=null, code=200)
2026-06-06 18:51:03.703 INFO  [http-nio-8080-exec-1] ControllerLogger - methodName=askTime=1723
2026-06-06 18:51:03.704 INFO  [http-nio-8080-exec-1] ControllerLogger - ObjectResult(message=根据提供的信息，您目前没有任何错题记录。您可以继续努力学习和练习哦！如果有新的错误题目，我会及时提醒您的。, data=null, code=200)
2026-06-06 18:53:52.788 INFO  [http-nio-8080-exec-1] ControllerLogger - methodName=askTime=1824
2026-06-06 18:53:52.788 INFO  [http-nio-8080-exec-1] ControllerLogger - ObjectResult(message=根据提供的信息，您目前没有任何标记为错误的题目。您的所有记录都是正确的。

如果您需要进一步的帮助或想要检查某些特定类型的题目，请告诉我！, data=null, code=200)
2026-06-06 18:54:22.219 INFO  [http-nio-8080-exec-4] ControllerLogger - methodName=askTime=1962
2026-06-06 18:54:22.219 INFO  [http-nio-8080-exec-4] ControllerLogger - ObjectResult(message=根据你的资料，你目前没有错题记录。如果有新的错误题目，我会及时通知你。

如果你有具体的题目想要练习或需要帮助，请告诉我！, data=null, code=200)
2026-06-06 18:57:28.736 INFO  [http-nio-8080-exec-1] ControllerLogger - methodName=askTime=2139
2026-06-06 18:57:28.736 INFO  [http-nio-8080-exec-1] ControllerLogger - ObjectResult(message=您目前没有错题记录。如果您有需要练习或巩固的知识点，可以告诉我，我会帮助您准备相应的题目。, data=null, code=200)
2026-06-06 19:00:45.444 INFO  [http-nio-8080-exec-6] ControllerLogger - methodName=askTime=3646
2026-06-06 19:00:45.444 INFO  [http-nio-8080-exec-6] ControllerLogger - ObjectResult(message=根据您的错题记录，您有以下题目是错误答案：

1. 错题次数为2次：SpringBoot启动类注解是什么？它由哪些注解组成？
2. 错题次数为1次：
   - SpringBoot读取配置相关注解有哪些？
   - SpringBoot如何兼容Spring项目？
   - 获得Bean装配报告信息访问哪个端点？

请复习这些内容，以提高您的编程技能。, data=null, code=200)
2026-06-06 19:01:15.834 INFO  [http-nio-8080-exec-1] ControllerLogger - methodName=askTime=1545
2026-06-06 19:01:15.834 INFO  [http-nio-8080-exec-1] ControllerLogger - ObjectResult(message=SpringBoot启动类注解是 `@SpringBootApplication`。它由以下注解组成：
- `@SpringBootConfiguration`
- `@EnableAutoConfiguration`
- `@ComponentScan`

这三个注解共同实现了自动配置、组件扫描和基础配置的功能。, data=null, code=200)
2026-06-06 19:04:18.144 INFO  [http-nio-8080-exec-1] ControllerLogger - methodName=askTime=3432
2026-06-06 19:04:18.144 INFO  [http-nio-8080-exec-1] ControllerLogger - ObjectResult(message=根据您提供的资料，您的错题如下：

1. 错题数量：2 题
   - 标题：SpringBoot启动类注解是什么？它由哪些注解组成？
   - 错误次数：2 次

没有其他题目被标记为错误。

如果您需要针对这些错题进行复习，我可以提供相应的解析和建议。请告诉我您需要帮助的具体题目。, data=null, code=200)
2026-06-06 19:04:46.620 INFO  [http-nio-8080-exec-2] ControllerLogger - methodName=askTime=4284
2026-06-06 19:04:46.620 INFO  [http-nio-8080-exec-2] ControllerLogger - ObjectResult(message=好的，根据提供的资料，以下是每个题目的正确答案：

1. **bootstrap.yml 和 application.yml 的区别是什么？**
   - 答案："bootstrap.yml 优先于 application.yml"
   - 解析：`bootstrap.yml` 在 `application.yml` 之前加载，优先级更高。

2. **如何激活某个环境的配置？**
   - 答案："可以通过 yml 中设置 `spring.profiles.active=dev` 或者命令行参数 `--spring.profiles.active=dev` 激活特定环境。"
   - 解析：激活环境配置可以通过配置文件或命令行参数完成。

3. **以下哪些是 JVM 的内存区域？**
   - 答案：["堆", "栈", "方法区"]
   - 解析：JVM 内存区域包括堆、栈、方法区、程序计数器。, data=null, code=200)
2026-06-06 19:05:12.441 INFO  [http-nio-8080-exec-3] ControllerLogger - methodName=askTime=2705
2026-06-06 19:05:12.441 INFO  [http-nio-8080-exec-3] ControllerLogger - ObjectResult(message=根据提供的资料，所有题目的错误次数都不为0。具体如下：

1. **short s1 = 1; s1 = s1 + 1; 是否有错？**
   - 错误次数：1 次

2. **编程的定义是什么？**（重复题目）
   - 错误次数：1 次

3. **编程的定义是什么？**（重复题目）
   - 错误次数：1 次

没有题目的错误次数为0。, data=null, code=200)
2026-06-06 19:09:28.715 INFO  [http-nio-8080-exec-4] ControllerLogger - methodName=askTime=3665
2026-06-06 19:09:28.716 INFO  [http-nio-8080-exec-4] ControllerLogger - ObjectResult(message=您的上一个问题是：“short s1 = 1; s1 = s1 + 1; 是否有错？”, data=null, code=200)
2026-06-06 19:12:59.078 INFO  [http-nio-8080-exec-1] ControllerLogger - methodName=askTime=4463
2026-06-06 19:12:59.078 INFO  [http-nio-8080-exec-1] ControllerLogger - ObjectResult(message=你有以下几道错题需要复习：

1. **SpringBoot启动类注解是什么？它由哪些注解组成？**（2次错误）
2. **SpringBoot读取配置相关注解有哪些？**（1次错误，重复题目）
3. **SpringBoot如何兼容Spring项目？**（1次错误）
4. **获得Bean装配报告信息访问哪个端点？**（1次错误）

这些题目都与 Spring Boot 有关。此外，还有一些其他类型的题目没有出现错误：

- Java 编程语言相关
- MyBatis 相关
- Redis 数据库相关
- 数据库基础知识

建议你重点复习错题并加深理解。如果有需要解释或进一步练习，请告诉我！, data=null, code=200)
2026-06-06 19:13:17.839 INFO  [http-nio-8080-exec-2] ControllerLogger - methodName=askTime=1944
2026-06-06 19:13:17.839 INFO  [http-nio-8080-exec-2] ControllerLogger - ObjectResult(message=你有 1 次错误的题目如下：

**题目：short s1 = 1; s1 = s1 + 1; 是否有错？**
- 正确答案："有错"
- 解析：s1 + 1 的结果是 int 类型，无法直接赋值给 short 类型，需显式转换。, data=null, code=200)
2026-06-06 19:13:56.509 INFO  [http-nio-8080-exec-1] ControllerLogger - methodName=askTime=5576
2026-06-06 19:13:56.509 INFO  [http-nio-8080-exec-1] ControllerLogger - ObjectResult(message=你有以下几道错题，我已经列出了它们的题目和做错的次数：

1. **SpringBoot启动类注解是什么？它由哪些注解组成？**（做错2次）
2. **SpringBoot读取配置相关注解有哪些？**（做错1次）
3. **SpringBoot如何兼容Spring项目？**（做错1次）
4. **获得Bean装配报告信息访问哪个端点？**（做错1次）

另外还有一些题目虽然记录中没有标记为错题，但是如果你在学习过程中遇到困难，也可以一起复习：

- Java 的编码方案是什么？
- Math.round(11.5) 的结果是多少？
- Redis主要消耗什么物理资源？
- Redis支持哪几种数据类型？
- 为什么说MyBatis是半自动ORM映射工具？

希望你能再次尝试解答这些题目，巩固你的知识！如果有任何不懂的地方，请随时提问。, data=null, code=200)
2026-06-06 19:14:10.169 INFO  [http-nio-8080-exec-2] ControllerLogger - methodName=askTime=5060
2026-06-06 19:14:10.169 INFO  [http-nio-8080-exec-2] ControllerLogger - ObjectResult(message=好的，以下是做错一次的题目及其答案：

1. **SpringBoot读取配置相关注解有哪些？**
   - 答案：Spring Boot 提供了 `@Value`、`@ConfigurationProperties` 和 `@PropertySource` 三个主要的注解来处理配置文件中的属性。

2. **SpringBoot如何兼容Spring项目？**
   - 答案：可以通过将 Spring Boot 应用作为一个普通的 Maven 或 Gradle 项目引入到现有 Spring 项目中，并通过添加 `spring-boot-starter-parent` 作为项目的父 POM 来实现兼容。此外，可以使用 `@EnableAutoConfiguration` 注解和 `SpringApplication.run()` 方法来启动应用。

3. **获得Bean装配报告信息访问哪个端点？**
   - 答案：可以通过访问 `/beans` 这个 Spring Boot 内置的 Actuator 端点来获取 Bean 装配报告信息。该端点会提供详细的关于所有已注册 Bean 的配置和相关信息。

如果你有任何疑问或需要进一步解释，请随时告诉我！, data=null, code=200)
2026-06-06 19:16:23.444 INFO  [http-nio-8080-exec-3] ControllerLogger - methodName=askTime=11233
2026-06-06 19:16:23.444 INFO  [http-nio-8080-exec-3] ControllerLogger - ObjectResult(message=当然可以，以下是做错一次但没有标记为错题的题目及其正确答案：

1. **Java 的编码方案是什么？**
   - 答案：Java 使用 Unicode 编码方案。Unicode 是一个包含世界上几乎所有的字符和符号的标准编码系统。

2. **Math.round(11.5) 的结果是多少？**
   - 答案：`Math.round(11.5)` 的结果是 `12`。根据 Java 中 `round()` 方法的规则，当数值正好在两个整数中间时（例如 11.5），会向上取整。

3. **Redis主要消耗什么物理资源？**
   - 答案：Redis 主要消耗内存资源，因为它是一个基于内存的数据存储系统。因此，它的性能高度依赖于可用的内存大小以及所存储数据量。

4. **Redis支持哪几种数据类型？**
   - 答案：Redis 支持以下几种数据类型：
     - 字符串（String）
     - 列表（List）
     - 集合（Set）
     - 有序集合（Sorted Set）
     - 哈希（Hash）

5. **Java的特点有哪些？**
   - 答案：Java 的特点包括但不限于以下几点：
     - 跨平台（一次编写，到处运行）
     - 安全
     - 多线程
     - 动态性
     - 可移植性

6. **Java SE、Java EE、Java ME分别代表什么？**
   - 答案：Java 的三个主要版本分别是：
     - Java SE（Standard Edition）：面向桌面和服务器应用的 Java 版本。
     - Java EE（Enterprise Edition，现在称为 Jakarta EE）：针对企业级应用开发的 Java 版本。
     - Java ME（Micro Edition）：用于移动设备和其他嵌入式系统的轻量级 Java 版本。

7. **为什么说MyBatis是半自动ORM映射工具？**
   - 答案：MyBatis 是一个半自动 ORM 框架，它需要开发者手动编写 SQL 语句来操作数据库。虽然 MyBatis 可以自动生成一些基础的 CRUD 操作代码，但它不会像 Hibernate 那样为所有对象关系映射操作提供全自动的支持。

8. **DBMS的中文名称是什么？**
   - 答案：DBMS 的中文名称是“数据库管理系统”。

希望这些解释对你有帮助！如果有任何疑问，请随时提问。, data=null, code=200)
2026-06-06 19:16:47.012 INFO  [http-nio-8080-exec-4] ControllerLogger - methodName=askTime=5555
2026-06-06 19:16:47.012 INFO  [http-nio-8080-exec-4] ControllerLogger - ObjectResult(message=好的，以下是做错一次但已经更正的题目及其正确答案：

1. **SpringBoot读取配置相关注解有哪些？**
   - 答案：Spring Boot 提供了以下主要的注解来处理配置文件中的属性：
     - `@Value`：用于注入外部配置文件（如 application.properties 或 application.yml）中的值。
     - `@ConfigurationProperties`：用于将多个属性绑定到一个对象上，通常与 `@EnableConfigurationProperties` 一起使用。
     - `@PropertySource`：用于指定额外的属性源。

2. **SpringBoot如何兼容Spring项目？**
   - 答案：可以通过以下方式让 Spring Boot 应用兼容 Spring 项目：
     - 将 Spring Boot 应用作为一个普通的 Maven 或 Gradle 项目引入到现有 Spring 项目中。
     - 使用 `spring-boot-starter-parent` 作为项目的父 POM 来继承 Spring Boot 的配置和依赖管理。
     - 确保你的项目依赖和配置能够与 Spring Boot 的自动配置机制兼容。

这些题目虽然你做错了一次，但现在已经更正了。如果你有任何疑问或需要进一步解释，请随时告诉我！, data=null, code=200)
2026-06-06 19:17:08.697 INFO  [http-nio-8080-exec-5] ControllerLogger - methodName=askTime=8807
2026-06-06 19:17:08.698 INFO  [http-nio-8080-exec-5] ControllerLogger - ObjectResult(message=好的，以下是做对的题目及其正确答案：

1. **Java 的编码方案是什么？**
   - 答案：Java 使用 Unicode 编码方案。

2. **Math.round(11.5) 的结果是多少？**
   - 答案：`Math.round(11.5)` 的结果是 `12`。根据 Java 中 `round()` 方法的规则，当数值正好在两个整数中间时（例如 11.5），会向上取整。

3. **Redis主要消耗什么物理资源？**
   - 答案：Redis 主要消耗内存资源，因为它是一个基于内存的数据存储系统。因此，它的性能高度依赖于可用的内存大小以及所存储数据量。

4. **Redis支持哪几种数据类型？**
   - 答案：Redis 支持以下几种数据类型：
     - 字符串（String）
     - 列表（List）
     - 集合（Set）
     - 有序集合（Sorted Set）
     - 哈希（Hash）

5. **Java SE、Java EE、Java ME分别代表什么？**
   - 答案：Java 的三个主要版本分别是：
     - Java SE（Standard Edition）：面向桌面和服务器应用的 Java 版本。
     - Java EE（Enterprise Edition，现在称为 Jakarta EE）：针对企业级应用开发的 Java 版本。
     - Java ME（Micro Edition）：用于移动设备和其他嵌入式系统的轻量级 Java 版本。

6. **DBMS的中文名称是什么？**
   - 答案：DBMS 的中文名称是“数据库管理系统”。

这些题目你已经做对了，继续保持！如果你有其他需要复习或进一步探讨的内容，请告诉我。, data=null, code=200)
2026-06-06 19:23:53.436 INFO  [http-nio-8080-exec-1] ControllerLogger - methodName=askTime=8440
2026-06-06 19:23:53.437 INFO  [http-nio-8080-exec-1] ControllerLogger - ObjectResult(message=你有以下题目被标记为错题：
1. SpringBoot启动类注解是什么？它由哪些注解组成？
2. SpringBoot读取配置相关注解有哪些？
3. SpringBoot读取配置相关注解有哪些（重复）？
4. SpringBoot如何兼容Spring项目？
5. 获得Bean装配报告信息访问哪个端点？

这些题目都标记了2次错误。其他题目虽然被标记为错题，但次数较少或未被多次标记。

关于编程定义的问题，资料中并没有记录你做错过这道题。, data=null, code=200)
2026-06-06 19:24:11.122 INFO  [http-nio-8080-exec-2] ControllerLogger - methodName=askTime=2078
2026-06-06 19:24:11.122 INFO  [http-nio-8080-exec-2] ControllerLogger - ObjectResult(message=根据提供的资料，编程定义的问题你没有做错。其正确答案是：“编程就是让计算机为解决某个问题而使用某种程序设计语言编写程序代码，并最终得到结果的过程。”编程是人与计算机交流的过程，通过编写代码让计算机按照人的指令完成任务。

其他题目中，关于如何激活环境配置和编写测试用例的注解你都做错了。, data=null, code=200)
2026-06-06 19:24:59.464 INFO  [http-nio-8080-exec-3] ControllerLogger - methodName=askTime=2360
2026-06-06 19:24:59.464 INFO  [http-nio-8080-exec-3] ControllerLogger - ObjectResult(message=资料中没有记录你做错的题目。关于编程定义和Java特点的问题你都答对了。

如果你需要了解哪些是正确的答案：
1. 编程定义：“编程就是让计算机为解决某个问题而使用某种程序设计语言编写程序代码，并最终得到结果的过程。”
2. Java的特点：简单易学、面向对象、平台无关性、支持网络编程、支持多线程、健壮性好。, data=null, code=200)
2026-06-06 19:25:48.204 INFO  [http-nio-8080-exec-4] ControllerLogger - methodName=askTime=1662
2026-06-06 19:25:48.204 INFO  [http-nio-8080-exec-4] ControllerLogger - ObjectResult(message=根据提供的资料，你没有做错关于编程定义的问题。其正确答案是：“编程就是让计算机为解决某个问题而使用某种程序设计语言编写程序代码，并最终得到结果的过程。”编程是人与计算机交流的过程，通过编写代码让计算机按照人的指令完成任务。, data=null, code=200)
2026-06-06 19:28:09.299 INFO  [http-nio-8080-exec-1] ControllerLogger - methodName=askTime=5124
2026-06-06 19:28:09.299 INFO  [http-nio-8080-exec-1] ControllerLogger - ObjectResult(message=根据提供的资料，没有具体的错题信息。资料中仅提供了关于如何激活环境配置和编程定义的问题及答案解析，并未包含任何错误记录或错题。如果你有关于这些知识点的具体问题，可以随时提问！, data=null, code=200)
2026-06-06 19:28:51.659 INFO  [http-nio-8080-exec-3] ControllerLogger - methodName=askTime=4094
2026-06-06 19:28:51.659 INFO  [http-nio-8080-exec-3] ControllerLogger - ObjectResult(message=根据提供的资料，没有显示具体的错题信息。资料中仅提供了关于编程定义和激活环境配置的问题及答案解析，并未包含任何错误记录或错题。如果你有关于这些知识点的具体问题，可以随时提问！如果有其他需要，请告知。, data=null, code=200)
2026-06-06 19:29:14.350 INFO  [http-nio-8080-exec-2] ControllerLogger - methodName=askTime=10948
2026-06-06 19:29:14.350 INFO  [http-nio-8080-exec-2] ControllerLogger - ObjectResult(message=根据提供的资料，没有显示具体的错题信息。资料中仅提供了关于编程定义和Java特点的问题及答案解析，并未包含任何错误记录或错题。如果你有关于这些知识点的具体问题，可以随时提问！如果有其他需要，请告知！, data=null, code=200)
2026-06-06 19:29:26.450 INFO  [http-nio-8080-exec-6] ControllerLogger - methodName=askTime=8287
2026-06-06 19:29:26.450 INFO  [http-nio-8080-exec-6] ControllerLogger - ObjectResult(message=根据提供的资料，你没有答错上述任何一道题目。你可以继续练习这些知识点以增强理解！如果有其他需要帮助的地方，请告诉我。, data=null, code=200)
2026-06-06 19:31:19.003 INFO  [http-nio-8080-exec-1] ControllerLogger - methodName=askTime=6459
2026-06-06 19:31:19.003 INFO  [http-nio-8080-exec-1] ControllerLogger - ObjectResult(message=你有以下几道错题，标记为需要复习：

1. **SpringBoot启动类注解是什么？它由哪些注解组成？**
   - 错题次数：2

2. **SpringBoot读取配置相关注解有哪些？**
   - 错题次数：1

3. **SpringBoot如何兼容Spring项目？**
   - 错题次数：1

4. **SpringBoot读取配置相关注解有哪些？**（重复题目）
   - 错题次数：1

5. **获得Bean装配报告信息访问哪个端点？**
   - 错题次数：1

除此之外，还有一些题目虽然没有标记为错题，但你也可以参考一下：
- Java 的编码方案是什么？
- Math.round(11.5) 的结果是多少？
- Redis主要消耗什么物理资源？
- Redis支持哪几种数据类型？
- Java的特点有哪些？
- Java SE、Java EE、Java ME分别代表什么？
- 为什么说MyBatis是半自动ORM映射工具？
- DBMS的中文名称是什么？

建议你对这些题目进行复习，尤其是标记为错题的题目。, data=null, code=200)
2026-06-06 19:31:44.880 INFO  [http-nio-8080-exec-2] ControllerLogger - methodName=askTime=2712
2026-06-06 19:31:44.880 INFO  [http-nio-8080-exec-2] ControllerLogger - ObjectResult(message=好的，我们先来看一下错了一次的题目：

1. **SpringBoot读取配置相关注解有哪些？**
   - 错题次数：1

这道题目涉及Spring Boot中用于读取配置文件的注解。常见的注解包括：
- `@Value`：可以用来注入基本数据类型及其包装类、String类型的值。
- `@ConfigurationProperties`：用于将配置文件中的属性绑定到一个对象上。

请尝试回忆一下这些注解的具体使用方式和场景，加深理解。如果有任何疑问或需要进一步解释，请告诉我！, data=null, code=200)
2026-06-06 19:31:57.960 INFO  [http-nio-8080-exec-3] ControllerLogger - methodName=askTime=2554
2026-06-06 19:31:57.960 INFO  [http-nio-8080-exec-3] ControllerLogger - ObjectResult(message=好的，接下来是另一道错了一次的题目：

2. **SpringBoot如何兼容Spring项目？**
   - 错题次数：1

这道题目涉及Spring Boot与传统Spring项目的集成方式。常见的方法包括：
- 使用`@EnableAutoConfiguration`注解自动配置Spring Boot中的Bean。
- 通过`spring.factories`文件来加载Spring的配置。
- 利用Spring Boot Starter依赖进行简化配置。

请回顾一下这些方法的具体实现和应用场景，如果有任何疑问或需要进一步解释，请告诉我！, data=null, code=200)
2026-06-06 19:32:08.723 INFO  [http-nio-8080-exec-9] ControllerLogger - methodName=askTime=2595
2026-06-06 19:32:08.723 INFO  [http-nio-8080-exec-9] ControllerLogger - ObjectResult(message=好的，接下来是另一道错了一次的题目：

3. **SpringBoot读取配置相关注解有哪些？**
   - 错题次数：1

这道题目涉及Spring Boot中用于读取配置文件的注解。常见的注解包括：
- `@Value`：可以用来注入基本数据类型及其包装类、String类型的值。
- `@ConfigurationProperties`：用于将配置文件中的属性绑定到一个对象上。

请回顾一下这些注解的具体使用方式和场景，如果有任何疑问或需要进一步解释，请告诉我！, data=null, code=200)
2026-06-06 19:32:20.842 INFO  [http-nio-8080-exec-5] ControllerLogger - methodName=askTime=3007
2026-06-06 19:32:20.842 INFO  [http-nio-8080-exec-5] ControllerLogger - ObjectResult(message=好的，接下来是另一道错了一次的题目：

4. **获得Bean装配报告信息访问哪个端点？**
   - 错题次数：1

这道题目涉及Spring Boot中获取Bean装配报告信息的方法。通常可以通过访问特定的端点来查看Bean装配情况。

具体的端点路径是：
```
http://localhost:8080/actuator/bus-refresh
```

这个端点可以用来刷新配置和查看Bean装配报告。请回顾一下如何通过这个端点获取相关信息，如果有任何疑问或需要进一步解释，请告诉我！, data=null, code=200)
2026-06-06 19:32:32.327 INFO  [http-nio-8080-exec-6] ControllerLogger - methodName=askTime=721
2026-06-06 19:32:32.328 INFO  [http-nio-8080-exec-6] ControllerLogger - ObjectResult(message=, data=null, code=200)
2026-06-06 19:32:53.636 INFO  [http-nio-8080-exec-7] ControllerLogger - methodName=askTime=3488
2026-06-06 19:32:53.636 INFO  [http-nio-8080-exec-7] ControllerLogger - ObjectResult(message=ronics></ronics>，用于在内存中存储数据，提供极高的读写性能。

Redis 支持多种数据结构的存储，包括字符串（String）、哈希（Hash）、列表（List）、集合（Set）和有序集合（Sorted Set）等。它还支持事务、发布/订阅（Pub/Sub）消息模式以及各种操作这些数据结构的命令。

Redis 是一个开源项目，并且有一个活跃的社区支持其开发和维护。由于其高性能特性，Redis 在缓存、消息队列、会话存储等方面有着广泛的应用场景。

您如果有具体的问题或者需要了解 Redis 的某个功能细节，请告诉我！, data=null, code=200)
2026-06-06 19:35:11.116 INFO  [http-nio-8080-exec-8] ControllerLogger - methodName=askTime=12912
2026-06-06 19:35:11.117 INFO  [http-nio-8080-exec-8] ControllerLogger - ObjectResult(message=面向对象是一种编程思想和方法论，它将现实世界中的事物抽象成对象，并通过这些对象之间的交互来解决问题。面向对象的主要特征包括封装、继承、多态等。

### 1. 封装（Encapsulation）
封装是指将数据和操作这些数据的方法捆绑在一起，形成一个独立的对象。封装的目的有两个：
- **隐藏实现细节**：客户端只需要知道该对象的接口，而不需要关心内部的具体实现。
- **提高安全性**：通过限制直接访问某些成员变量或方法，可以防止外部程序对数据进行不恰当的操作。

在面向对象编程中，通常会使用 `private`、`protected` 和 `public` 关键字来控制成员的访问权限。例如：
```java
public class Person {
    private String name;
    private int age;

    public void setName(String name) {
        this.name = name;
    }

    public String getName() {
        return name;
    }
}
```

### 2. 继承（Inheritance）
继承允许一个类从另一个类中继承属性和方法，从而实现代码重用。子类可以扩展父类的功能或者覆盖父类的方法。

例如：
```java
public class Animal {
    public void eat() {
        System.out.println("eating...");
    }
}

public class Dog extends Animal {
    @Override
    public void eat() {
        System.out.println("Dog is eating...");
    }

    public void bark() {
        System.out.println("barking...");
    }
}
```

### 3. 多态（Polymorphism）
多态是指同一个操作作用于不同的对象，可以有不同的解释和实现。通常通过方法重写（Override）来实现。

例如：
```java
public class Animal {
    public void makeSound() {
        System.out.println("some sound");
    }
}

public class Dog extends Animal {
    @Override
    public void makeSound() {
        System.out.println("bark");
    }
}

public class Cat extends Animal {
    @Override
    public void makeSound() {
        System.out.println("meow");
    }
}
```

### 4. 类和对象的关系
- **类（Class）**：是定义对象的蓝图，包含了属性和方法。
- **对象（Object）**：是根据类创建的实际实例。

例如：
```java
public class Person {
    private String name;
    private int age;

    public void setName(String name) {
        this.name = name;
    }

    public String getName() {
        return name;
    }
}

Person person = new Person();  // 创建一个 Person 类的对象
```

### 5. 实例和类的区别
- **实例**：是根据类创建的具体对象。
- **类**：是对一组具有相同属性和方法的对象的抽象定义。

面向对象编程通过封装、继承和多态等特性，使得代码更加模块化、可重用和易于维护。希望这些信息对您有所帮助！如果您有任何具体的问题或需要进一步解释，请告诉我。, data=null, code=200)
2026-06-06 19:35:30.975 INFO  [http-nio-8080-exec-4] ControllerLogger - methodName=askTime=16351
2026-06-06 19:35:30.975 INFO  [http-nio-8080-exec-4] ControllerLogger - ObjectResult(message=好的，让我们更详细地探讨面向对象编程（OOP）的核心概念及其应用。

### 1. 封装（Encapsulation）
封装是面向对象编程中最重要的特性之一，它允许我们将数据和操作这些数据的方法捆绑在一起。这样做的好处包括：
- **隐藏实现细节**：客户端代码只需要知道类的接口，而不必关心内部的具体实现。
- **提高安全性**：通过限制对某些成员变量或方法的直接访问，可以防止外部程序对数据进行不恰当的操作。

#### 示例（Java）
```java
public class Person {
    private String name;  // 私有属性，只能在类内访问
    private int age;      // 私有属性

    public void setName(String name) {  // 公共方法，用于设置name
        this.name = name;
    }

    public String getName() {           // 公共方法，用于获取name
        return name;
    }

    public void setAge(int age) {
        if (age >= 0) {                 // 简单的合法性检查
            this.age = age;
        } else {
            System.out.println("Invalid age");
        }
    }

    public int getAge() {
        return age;
    }
}
```

### 2. 继承（Inheritance）
继承允许一个类从另一个类中继承属性和方法，从而实现代码重用。子类可以扩展父类的功能或者覆盖父类的方法。

#### 示例（Java）
```java
public class Animal {
    public void eat() { // 父类中的方法
        System.out.println("eating...");
    }
}

public class Dog extends Animal {
    @Override
    public void eat() { // 覆盖父类的eat方法
        System.out.println("Dog is eating...");
    }

    public void bark() { // 子类特有的方法
        System.out.println("barking...");
    }
}
```

### 3. 多态（Polymorphism）
多态是指同一个操作作用于不同的对象，可以有不同的解释和实现。通过方法重写（Override）来实现。

#### 示例（Java）
```java
public class Animal {
    public void makeSound() { // 父类中的方法
        System.out.println("some sound");
    }
}

public class Dog extends Animal {
    @Override
    public void makeSound() { // 覆盖父类的makeSound方法
        System.out.println("bark");
    }
}

public class Cat extends Animal {
    @Override
    public void makeSound() { // 覆盖父类的makeSound方法
        System.out.println("meow");
    }
}
```

### 4. 类和对象的关系
- **类（Class）**：是定义对象的蓝图，包含了属性和方法。
- **对象（Object）**：是根据类创建的具体实例。

#### 示例（Java）
```java
public class Person {
    private String name;
    private int age;

    public void setName(String name) {
        this.name = name;
    }

    public String getName() {
        return name;
    }
}

Person person = new Person();  // 创建一个 Person 类的对象
```

### 5. 实例和类的区别
- **实例**：是根据类创建的具体对象。
- **类**：是对一组具有相同属性和方法的对象的抽象定义。

### 总结
面向对象编程通过封装、继承和多态等特性，使得代码更加模块化、可重用和易于维护。希望这些信息对您有所帮助！如果您有任何具体的问题或需要进一步解释，请告诉我。, data=null, code=200)
2026-06-06 19:40:45.681 INFO  [http-nio-8080-exec-10] ControllerLogger - methodName=askTime=22937
2026-06-06 19:40:45.681 INFO  [http-nio-8080-exec-10] ControllerLogger - ObjectResult(message=好的，我们来深入探讨面向对象编程（OOP）的各个核心概念及其应用场景。

### 1. 封装（Encapsulation）

封装是将数据和对这些数据的操作捆绑在一起的过程。通过这种方式，可以隐藏对象内部的数据结构，并提供对外部访问的接口。

#### 关键点
- **私有化成员变量**：使用 `private` 关键字声明属性，外部无法直接访问。
- **公共方法（Getter 和 Setter）**：提供 `public` 方法来控制对私有属性的读写操作。
  
#### 示例代码（Java）
```java
public class Person {
    private String name;
    private int age;

    // Getter 方法
    public String getName() {
        return name;
    }

    // Setter 方法
    public void setName(String name) {
        this.name = name;
    }

    // Getter 方法
    public int getAge() {
        return age;
    }

    // Setter 方法
    public void setAge(int age) {
        if (age >= 0) { // 简单的合法性检查
            this.age = age;
        } else {
            System.out.println("Invalid age");
        }
    }
}
```

### 2. 继承（Inheritance）

继承允许一个类从另一个类中继承属性和方法，从而实现代码重用。子类可以扩展父类的功能或者覆盖父类的方法。

#### 关键点
- **extends关键字**：使用 `extends` 关键字指定继承关系。
- **覆写方法（Override）**：在子类中覆写父类的同名方法。
  
#### 示例代码（Java）
```java
public class Animal {
    public void eat() { // 父类中的方法
        System.out.println("eating...");
    }
}

public class Dog extends Animal {
    @Override
    public void eat() { // 覆盖父类的eat方法
        System.out.println("Dog is eating...");
    }

    public void bark() { // 子类特有的方法
        System.out.println("barking...");
    }
}
```

### 3. 多态（Polymorphism）

多态是指同一个操作作用于不同的对象，可以有不同的解释和实现。通过方法重写（Override）来实现。

#### 关键点
- **接口一致性**：子类必须实现父类中的所有抽象方法或覆写具体方法。
- **动态绑定**：编译时确定调用哪个方法，运行时根据实际对象类型选择具体方法。
  
#### 示例代码（Java）
```java
public class Animal {
    public void makeSound() { // 父类中的方法
        System.out.println("some sound");
    }
}

public class Dog extends Animal {
    @Override
    public void makeSound() { // 覆盖父类的makeSound方法
        System.out.println("bark");
    }
}

public class Cat extends Animal {
    @Override
    public void makeSound() { // 覆盖父类的makeSound方法
        System.out.println("meow");
    }
}

public static void main(String[] args) {
    Animal animal = new Dog(); // 动态绑定：调用Dog的makeSound方法
    animal.makeSound();

    Animal anotherAnimal = new Cat();
    anotherAnimal.makeSound();
}
```

### 4. 类和对象的关系

- **类（Class）**：是定义对象的蓝图，包含了属性、方法等。
- **对象（Object）**：是根据类创建的具体实例。

#### 示例代码（Java）
```java
public class Person {
    private String name;
    private int age;

    public void setName(String name) {
        this.name = name;
    }

    public String getName() {
        return name;
    }
}

Person person = new Person();  // 创建一个 Person 类的对象
```

### 5. 实例和类的区别

- **实例**：是根据类创建的具体对象。
- **类**：是对一组具有相同属性和方法的对象的抽象定义。

### 应用场景

#### 封装
封装在设计中非常重要，可以提高代码的安全性和灵活性。例如，在 `Person` 类中封装 `name` 和 `age` 属性，并提供公共的方法来操作这些属性。

#### 继承
继承可以帮助重用代码并实现扩展功能。例如，从 `Animal` 类派生出 `Dog` 和 `Cat` 子类，可以共享基本的 `eat()` 方法，并添加特定的行为（如 `bark()` 和 `meow()`）。

#### 多态
多态使得编写可扩展和灵活的代码变得更加容易。例如，在处理多个动物时，只需要统一调用 `makeSound()` 方法即可实现不同动物的不同行为。

### 总结

面向对象编程通过封装、继承和多态等特性，提供了强大的工具来构建复杂而灵活的应用程序。希望这些详细信息对您有所帮助！如果您有任何具体的问题或需要进一步解释，请告诉我。, data=null, code=200)
2026-06-06 19:41:50.904 INFO  [http-nio-8080-exec-1] ControllerLogger - methodName=askTime=29176
2026-06-06 19:41:50.904 INFO  [http-nio-8080-exec-1] ControllerLogger - ObjectResult(message=好的，我们将更深入地探讨面向对象编程（OOP）的核心概念、机制和应用场景。

### 1. 封装（Encapsulation）

封装是将数据的表示与操作该数据的方法捆绑在一起的过程。它的主要目的是隐藏类的数据细节，只提供对外的接口来访问这些数据。

#### 关键点
- **私有化成员变量**：使用 `private` 关键字声明属性，使其只能在类内部被访问。
- **公共方法（Getter 和 Setter）**：提供 `public` 方法来控制对私有属性的读写操作。
  
#### 示例代码（Java）
```java
public class Person {
    private String name;
    private int age;

    // Getter 方法
    public String getName() {
        return name;
    }

    // Setter 方法
    public void setName(String name) {
        this.name = name;
    }

    // Getter 方法
    public int getAge() {
        return age;
    }

    // Setter 方法
    public void setAge(int age) {
        if (age >= 0) { // 简单的合法性检查
            this.age = age;
        } else {
            System.out.println("Invalid age");
        }
    }
}
```

### 2. 继承（Inheritance）

继承允许一个类从另一个类中继承属性和方法，从而实现代码重用。子类可以扩展父类的功能或者覆写父类的方法。

#### 关键点
- **extends关键字**：使用 `extends` 关键字指定继承关系。
- **覆写方法（Override）**：在子类中覆写父类的同名方法，以实现更具体的行为。
  
#### 示例代码（Java）
```java
public class Animal {
    public void eat() { // 父类中的方法
        System.out.println("eating...");
    }
}

public class Dog extends Animal {
    @Override
    public void eat() { // 覆盖父类的eat方法
        System.out.println("Dog is eating...");
    }

    public void bark() { // 子类特有的方法
        System.out.println("barking...");
    }
}
```

### 3. 多态（Polymorphism）

多态是指同一个操作作用于不同的对象，可以有不同的解释和实现。通过方法重写（Override）来实现。

#### 关键点
- **接口一致性**：子类必须实现父类中的所有抽象方法或覆写具体方法。
- **动态绑定**：编译时确定调用哪个方法，运行时根据实际对象类型选择具体方法。
  
#### 示例代码（Java）
```java
public class Animal {
    public void makeSound() { // 父类中的方法
        System.out.println("some sound");
    }
}

public class Dog extends Animal {
    @Override
    public void makeSound() { // 覆盖父类的makeSound方法
        System.out.println("bark");
    }
}

public class Cat extends Animal {
    @Override
    public void makeSound() { // 覆盖父类的makeSound方法
        System.out.println("meow");
    }
}

public static void main(String[] args) {
    Animal animal = new Dog(); // 动态绑定：调用Dog的makeSound方法
    animal.makeSound();

    Animal anotherAnimal = new Cat();
    anotherAnimal.makeSound();
}
```

### 4. 类和对象的关系

- **类（Class）**：是定义对象的蓝图，包含了属性、方法等。
- **对象（Object）**：是根据类创建的具体实例。

#### 示例代码（Java）
```java
public class Person {
    private String name;
    private int age;

    public void setName(String name) {
        this.name = name;
    }

    public String getName() {
        return name;
    }
}

Person person = new Person();  // 创建一个 Person 类的对象
```

### 5. 实例和类的区别

- **实例**：是根据类创建的具体对象。
- **类**：是对一组具有相同属性和方法的对象的抽象定义。

#### 示例代码（Java）
```java
public class Car {
    private String brand;
    private int year;

    public void setBrand(String brand) {
        this.brand = brand;
    }

    public String getBrand() {
        return brand;
    }

    public void setYear(int year) {
        if (year > 0 && year < 2050) { // 简单的合法性检查
            this.year = year;
        } else {
            System.out.println("Invalid year");
        }
    }

    public int getYear() {
        return year;
    }
}

Car car1 = new Car(); // 创建一个 Car 类的对象实例
car1.setBrand("Toyota");
car1.setYear(2023);
System.out.println(car1.getBrand());  // 输出 Toyota
System.out.println(car1.getYear());   // 输出 2023
```

### 应用场景

#### 封装
封装在设计中非常重要，可以提高代码的安全性和灵活性。例如，在 `Person` 类中封装 `name` 和 `age` 属性，并提供公共的方法来操作这些属性。

#### 继承
继承可以帮助重用代码并实现扩展功能。例如，从 `Animal` 类派生出 `Dog` 和 `Cat` 子类，可以共享基本的 `eat()` 方法，并添加特定的行为（如 `bark()` 和 `meow()`）。

#### 多态
多态使得编写可扩展和灵活的代码变得更加容易。例如，在处理多个动物时，只需要统一调用 `makeSound()` 方法即可实现不同动物的不同行为。

### 总结

面向对象编程通过封装、继承和多态等特性，提供了强大的工具来构建复杂而灵活的应用程序。希望这些详细信息对您有所帮助！如果您有任何具体的问题或需要进一步解释，请告诉我。, data=null, code=200)
2026-06-06 19:48:05.310 INFO  [http-nio-8080-exec-1] ControllerLogger - methodName=askTime=7989
2026-06-06 19:48:05.311 INFO  [http-nio-8080-exec-1] ControllerLogger - ObjectResult(message=为了更好地解释面向对象编程（OOP），我们可以从几个关键概念入手：封装、继承、多态和抽象。

1. 封装：封装是指将数据和操作这些数据的方法捆绑在一起，形成一个整体。在面向对象设计中，我们通常使用类来定义对象及其属性和方法，这有助于隐藏实现细节，并使代码更易于维护和扩展。

2. 继承：继承是一种机制，允许创建一个新的类（子类）从现有的类（父类）派生而来。子类可以继承父类的属性和方法，还可以添加自己的新特性和方法。这种设计使得代码重用变得更加容易，并有助于保持代码组织结构的清晰。

3. 多态：多态指的是一个对象能够以多种形态出现或表现的能力。在面向对象编程中，这意味着可以在不关心具体实现的情况下使用相同的方法名和参数来表示不同的类。这可以通过方法覆盖（子类重新定义父类的方法）来实现，并且通常需要通过类型转换或者接口来完成。

4. 抽象：抽象是指从复杂的现实世界问题中抽取出共性的特征，然后用这些特征创建出更加简单的模型。在面向对象编程中，这意味着可以将关注点集中在一组对象的行为和属性上，而不需要关心具体实现的细节。这有助于提高代码的可读性和可维护性。

以上就是面向对象编程的一些关键概念。您可以通过学习具体的语言（如 Java、Python 或 C++）来更好地理解这些概念的应用。
, data=null, code=200)
2026-06-06 19:48:33.671 INFO  [http-nio-8080-exec-2] ControllerLogger - methodName=askTime=14408
2026-06-06 19:48:33.671 INFO  [http-nio-8080-exec-2] ControllerLogger - ObjectResult(message=面向对象编程（Object-Oriented Programming, OOP）是一种基于“对象”的编程思想，它通过封装、继承和多态等特性将数据与对它的操作结合起来。下面我将详细介绍这几个核心概念。

### 1. 封装

封装是OOP中最基本也是最重要的一个特性。它指的是将相关联的数据（属性）以及这些数据的操作方法捆绑在一起，形成一个独立的单元——类（Class）。这种做法有以下好处：

- **隐藏实现细节**：通过将数据和操作它们的方法封装在类中，可以更好地保护数据的安全性。
- **增强可维护性和复用性**：通过封装可以使得程序模块化，每个模块只关注自己的业务逻辑。

在Java、C++等语言中，可以通过访问修饰符（如public, private）来实现对成员变量和方法的控制。例如：

```java
class Person {
    private String name; // 私有属性

    public void setName(String name) { // 公开的方法
        this.name = name;
    }

    public String getName() {
        return name;
    }
}
```

### 2. 继承

继承允许一个类（子类）基于另一个已经存在的类（父类）进行构建。这样，子类可以继承父类的所有公开和保护成员变量以及方法，并可以在需要时覆盖或添加新的特性。

通过继承，代码重用成为可能，同时也使得程序结构更加清晰。例如：

```java
class Animal {
    void makeSound() {
        System.out.println("Some sound");
    }
}

class Dog extends Animal {
    @Override
    void makeSound() {
        System.out.println("Bark");
    }
}
```

### 3. 多态

多态意味着同一个接口可以有多种不同的实现方式。在面向对象编程中，这是通过方法重写（Overriding）来实现的。

当一个父类引用指向子类实例时，调用该方法的行为会根据实际的对象类型而变化。这种灵活性使得程序更加灵活和强大。

例如：

```java
class Animal {
    void sound() {
        System.out.println("Some animal sound");
    }
}

class Dog extends Animal {
    @Override
    void sound() {
        System.out.println("Bark");
    }
}

public class Main {
    public static void main(String[] args) {
        Animal myAnimal = new Dog(); // 动态类型为Dog, 但是静态类型为Animal
        myAnimal.sound();            // 输出 "Bark"
    }
}
```

### 4. 抽象

抽象是面向对象编程中非常重要的概念之一。它指的是从复杂现实世界的问题中抽取共性特征，以便于构建更加简单的模型。

在Java等语言中，可以通过`abstract`关键字定义抽象类和接口来实现这一特性。抽象方法必须在子类中进行具体实现：

```java
abstract class Animal {
    abstract void makeSound();
}

class Dog extends Animal {
    @Override
    void makeSound() {
        System.out.println("Bark");
    }
}
```

通过以上介绍，希望您能对面向对象编程有了更深入的理解。如果您有任何具体的问题或需要进一步解释的地方，请随时告诉我！, data=null, code=200)
2026-06-06 19:49:31.790 INFO  [http-nio-8080-exec-7] ControllerLogger - methodName=askTime=572
2026-06-06 19:49:31.790 INFO  [http-nio-8080-exec-7] ControllerLogger - ObjectResult(message=, data=null, code=200)
2026-06-06 19:49:49.183 INFO  [http-nio-8080-exec-4] ControllerLogger - methodName=askTime=12177
2026-06-06 19:49:49.183 INFO  [http-nio-8080-exec-4] ControllerLogger - ObjectResult(message=Redis 是一个开源的、高性能的键值数据库，也被称为数据结构服务器（Data Structure Server）。它支持多种类型的数据结构，如字符串（strings）、哈希（hashes）、列表（lists）、集合（sets）和有序集（sorted sets）等。以下是 Redis 的一些关键特性和用途：

### 1. 数据存储
- **键值对**：Redis 最基本的数据结构是键值对（key-value pairs），其中键是字符串，值可以是多种数据类型。
- **数据持久化**：通过配置，Redis 可以将数据保存到磁盘上，确保数据在服务器重启后不会丢失。

### 2. 性能
- **高性能**：Redis 是用 C 语言编写的，因此具有很高的执行速度和低延迟。它通常被用于缓存、消息队列等场景。
- **内存中存储**：大部分情况下，Redis 将数据存储在内存中以实现高速访问。

### 3. 数据类型
- **字符串（Strings）**：支持简单的字符串操作。
- **哈希（Hashes）**：用于存储对象的字段和值，类似于 Map 结构。
- **列表（Lists）**：基于索引的链表结构，适用于先进先出或后进先出的数据处理。
- **集合（Sets）**：无序且不重复的字符串集，常用于成员资格检查等场景。
- **有序集合（Sorted Sets）**：与集合类似，但每个元素关联一个分数值，并支持基于分数的排序操作。

### 4. 特性
- **事务处理**：提供原子性的多个命令序列执行。
- **发布/订阅模型**：支持实时消息传输和分发。
- **Lua 脚本支持**：可以编写 Lua 脚本来执行复杂的数据操作。
- **数据过期时间**：可以为键设置生存时间（TTL），到期后自动删除。

### 5. 使用场景
- **缓存层**：通过 Redis 提供的高速读写能力，可以用作应用系统的缓存层，减少数据库访问压力。
- **排行榜或评分系统**：利用有序集的数据结构实现复杂的排名计算。
- **实时分析和监控**：通过发布/订阅机制获取实时数据流。

### 6. 总结
Redis 是一个功能强大的键值存储系统，广泛应用于各种需要高性能、低延迟场景的场合。它不仅提供了丰富的数据类型支持，还具备事务处理、消息队列等多种高级特性，使得开发者可以更加灵活地构建复杂的应用程序和解决方案。

如果您有任何具体问题或需要进一步的信息，请随时告诉我！
, data=null, code=200)
2026-06-06 19:50:37.879 INFO  [http-nio-8080-exec-5] ControllerLogger - methodName=askTime=18980
2026-06-06 19:50:37.879 INFO  [http-nio-8080-exec-5] ControllerLogger - ObjectResult(message=好的，让我们从更详细的层面来讲解面向对象编程（OOP）的核心概念及其实际应用。我们将通过具体的例子来解释封装、继承、多态和抽象。

### 1. 封装

封装是将数据（属性或字段）和操作这些数据的方法捆绑在一起，形成一个独立的单元——类（Class）。这种方法可以隐藏实现细节，并提供对外部访问的接口。封装有助于提高代码的安全性和复用性。

#### 实例：创建一个 `Person` 类
```java
public class Person {
    private String name; // 私有属性
    private int age;     // 私有属性

    public Person(String name, int age) {
        this.name = name;
        this.age = age;
    }

    public String getName() { // 公开的方法
        return name;
    }

    public void setName(String name) {
        this.name = name;
    }

    public int getAge() {
        return age;
    }

    public void setAge(int age) {
        if (age >= 0 && age <= 120) { // 简单的验证
            this.age = age;
        } else {
            System.out.println("Invalid age");
        }
    }
}
```

### 2. 继承

继承允许一个类（子类）基于另一个已经存在的类（父类）进行构建。这样，子类可以继承父类的所有公开和保护成员变量以及方法，并可以在需要时覆盖或添加新的特性。

#### 实例：创建一个 `Student` 类
```java
public class Student extends Person {
    private String studentId; // 子类特有的属性

    public Student(String name, int age, String studentId) {
        super(name, age); // 调用父类的构造函数
        this.studentId = studentId;
    }

    @Override
    public void setAge(int age) { // 重写父类的方法
        if (age >= 0 && age <= 25) { // 简单的验证
            super.setAge(age); // 调用父类的方法
        } else {
            System.out.println("Invalid student age");
        }
    }

    public String getStudentId() {
        return studentId;
    }
}
```

### 3. 多态

多态意味着同一个接口可以有多种不同的实现方式。在面向对象编程中，这是通过方法重写（Overriding）来实现的。

#### 实例：创建一个 `Animal` 接口和 `Dog` 类
```java
public interface Animal {
    void makeSound(); // 抽象方法
}

public class Dog implements Animal {
    @Override
    public void makeSound() { // 重写接口的方法
        System.out.println("Bark");
    }
}
```

### 4. 抽象

抽象是面向对象编程中非常重要的概念之一。它指的是从复杂现实世界的问题中抽取共性特征，以便于构建更加简单的模型。

#### 实例：创建一个 `AbstractPerson` 类
```java
public abstract class AbstractPerson {
    protected String name; // 保护属性

    public AbstractPerson(String name) {
        this.name = name;
    }

    public abstract void makeSound(); // 抽象方法
}

public class Student extends AbstractPerson {
    private String studentId;

    public Student(String name, String studentId) {
        super(name);
        this.studentId = studentId;
    }

    @Override
    public void makeSound() { // 重写抽象类的方法
        System.out.println("Hi, I am a student");
    }
}
```

### 总结

通过上述实例，我们详细解释了面向对象编程的核心概念：

- **封装**：通过私有属性和公开方法来保护数据安全，并提供对外部访问的接口。
- **继承**：子类可以从父类中继承属性和方法，并可以覆盖或添加新的特性。
- **多态**：同一个接口可以有不同的实现方式，使得程序更加灵活。
- **抽象**：从复杂的现实世界问题中抽取共性特征，构建更简单的模型。

希望这些实例能够帮助您更好地理解面向对象编程的概念。如果您有任何具体的问题或需要进一步解释的地方，请随时告诉我！, data=null, code=200)
2026-06-06 19:52:27.121 INFO  [http-nio-8080-exec-6] ControllerLogger - methodName=askTime=9176
2026-06-06 19:52:27.121 INFO  [http-nio-8080-exec-6] ControllerLogger - ObjectResult(message=根据您的错题记录，以下题目仅被标记为错误一次：

1. **SpringBoot读取配置相关注解有？**
   - 题目类型：SPRINGBOOT

2. **SpringBoot如何兼容Spring项目？**
   - 题目类型：SPRINGBOOT

3. **获得Bean装配报告信息访问哪个端点？**
   - 题目类型：SPRINGBOOT

4. **传统JDBC开发存在的问题有哪些？**
   - 题目类型：MYBATIS

5. **Java 的编码方案是什么？**
   - 题目类型：JAVA

6. **Math.round(11.5) 的结果是多少？**
   - 题目类型：JAVA

7. **Redis支持哪几种数据类型？**
   - 题目类型：REDIS

8. **Java的特点有哪些？**
   - 题目类型：JAVA

9. **Java SE、Java EE、Java ME分别代表什么？**
   - 题目类型：JAVA

10. **为什么说MyBatis是半自动ORM映射工具？**
    - 题目类型：MYBATIS

11. **DBMS的中文名称是什么？**
    - 题目类型：DATABASE

如果您需要更多详细信息或针对某个具体问题的帮助，请告诉我！, data=null, code=200)
2026-06-06 19:57:58.982 INFO  [http-nio-8080-exec-3] ControllerLogger - methodName=askTime=13429
2026-06-06 19:57:58.982 INFO  [http-nio-8080-exec-3] ControllerLogger - ObjectResult(message=抱歉，我重新检查了一下返回的数据，确实有多个题目只被标记为错误一次。以下是所有仅被标记为错误一次的题目：

1. **SpringBoot读取配置相关注解有？**
   - 题目类型：SPRINGBOOT

2. **SpringBoot如何兼容Spring项目？**
   - 题目类型：SPRINGBOOT

3. **获得Bean装配报告信息访问哪个端点？**
   - 题目类型：SPRINGBOOT

4. **传统JDBC开发存在的问题有哪些？**
   - 题目类型：MYBATIS

5. **Java 的编码方案是什么？**
   - 题目类型：JAVA

6. **Math.round(11.5) 的结果是多少？**
   - 题目类型：JAVA

7. **Redis支持哪几种数据类型？**
   - 题目类型：REDIS

8. **Java的特点有哪些？**
   - 题目类型：JAVA

9. **Java SE、Java EE、Java ME分别代表什么？**
   - 题目类型：JAVA

10. **为什么说MyBatis是半自动ORM映射工具？**
    - 题目类型：MYBATIS

11. **DBMS的中文名称是什么？**
    - 题目类型：DATABASE

经过再次确认，确实只有这些题目被标记为错误一次。如果有更多需求或进一步的帮助，请随时告诉我！, data=null, code=200)
2026-06-06 19:58:51.019 INFO  [http-nio-8080-exec-8] ControllerLogger - methodName=askTime=8243
2026-06-06 19:58:51.019 INFO  [http-nio-8080-exec-8] ControllerLogger - ObjectResult(message=好的，根据您的反馈，确实还有一个题目被标记为错误一次。以下是完整的列表：

1. **SpringBoot读取配置相关注解有？**
   - 题目类型：SPRINGBOOT

2. **SpringBoot如何兼容Spring项目？**
   - 题目类型：SPRINGBOOT

3. **获得Bean装配报告信息访问哪个端点？**
   - 题目类型：SPRINGBOOT

4. **传统JDBC开发存在的问题有哪些？**
   - 题目类型：MYBATIS

5. **Java 的编码方案是什么？**
   - 题目类型：JAVA

6. **Math.round(11.5) 的结果是多少？**
   - 题目类型：JAVA

7. **Redis支持哪几种数据类型？**
   - 题目类型：REDIS

8. **Java的特点有哪些？**
   - 题目类型：JAVA

9. **Java SE、Java EE、Java ME分别代表什么？**
   - 题目类型：JAVA

10. **为什么说MyBatis是半自动ORM映射工具？**
    - 题目类型：MYBATIS

11. **DBMS的中文名称是什么？**
    - 题目类型：DATABASE

12. **switch 可以作用在哪些数据类型上？**
    - 题目类型：JAVA
   - 错误次数：1

如果您有任何具体的问题或需要进一步解释，请告诉我！, data=null, code=200)
2026-06-06 20:00:06.073 INFO  [http-nio-8080-exec-9] ControllerLogger - methodName=askTime=2843
2026-06-06 20:00:06.073 INFO  [http-nio-8080-exec-9] ControllerLogger - ObjectResult(message=好的，根据您提供的信息，以下是与“switch 可以作用在哪些数据类型上？”类似类型的题目：

**Java中的switch语句还可以用于哪些其他数据类型？**

这个问题与“switch 可以作用在哪些数据类型上？”是同一类问题，都是关于Java中`switch`关键字的适用范围。

如果您需要更多类似的题目或进一步的帮助，请告诉我！, data=null, code=200)
2026-06-06 20:00:28.399 INFO  [http-nio-8080-exec-10] ControllerLogger - methodName=askTime=2112
2026-06-06 20:00:28.399 INFO  [http-nio-8080-exec-10] ControllerLogger - ObjectResult(message=好的，C语言中的`switch`语句也可以用于某些特定的数据类型。以下是与之前的问题类似的一个题目：

**C语言中的switch语句可以作用在哪些数据类型上？**

这个问题与您提供的C语言背景相似，都是询问`switch`关键字的适用范围。

如果您需要更多类似的题目或进一步的帮助，请告诉我！, data=null, code=200)
2026-06-06 20:00:49.808 INFO  [http-nio-8080-exec-1] ControllerLogger - methodName=askTime=13548
2026-06-06 20:00:49.808 INFO  [http-nio-8080-exec-1] ControllerLogger - ObjectResult(message=好的，我们来详细解释一下C语言中`switch`语句可以作用在哪些数据类型上。

在C语言中，`switch`语句主要用于根据一个表达式的值选择要执行的代码块。`switch`语句的基本语法如下：

```c
switch (expression) {
    case constant-expression:
        // 代码块
        break;
    case constant-expression:
        // 代码块
        break;
    ...
    default:
        // 默认代码块
}
```

### `switch`语句的数据类型限制

1. **整数类型**：
   - 常见的整数类型包括`int`、`char`、`short`、`long`等。
   - 例如：
     ```c
     int number = 5;
     switch (number) {
         case 1:
             // 执行代码块
             break;
         case 2:
             // 执行代码块
             break;
         default:
             // 默认执行代码块
     }
     ```

2. **枚举类型**：
   - 枚举类型的值也可以用在`switch`语句中。
   - 例如：
     ```c
     enum Color { RED, GREEN, BLUE };
     enum Color color = RED;
     switch (color) {
         case RED:
             // 执行代码块
             break;
         case GREEN:
             // 执行代码块
             break;
         default:
             // 默认执行代码块
     }
     ```

3. **字符类型**：
   - 字符类型的值（`char`）也可以用在`switch`语句中。
   - 例如：
     ```c
     char ch = 'A';
     switch (ch) {
         case 'A':
             // 执行代码块
             break;
         case 'B':
             // 执行代码块
             break;
         default:
             // 默认执行代码块
     }
     ```

### 不能用于的类型

- **浮点数（`float`、`double`等）**：C语言中的`switch`语句不支持浮点数作为case标签。
  - 例如，以下代码会导致编译错误：
    ```c
    float f = 1.0f;
    switch (f) {
        case 1.0f:
            // 执行代码块
            break;
    }
    ```

- **指针类型**：`switch`语句也不支持指针类型的case标签。
  - 例如，以下代码会导致编译错误：
    ```c
    int *ptr = &number;
    switch (ptr) {
        case &number:
            // 执行代码块
            break;
    }
    ```

### 总结

C语言中的`switch`语句主要适用于整数类型和枚举类型，但不支持浮点数和指针类型的case标签。希望这个解释对您有所帮助！如果您有更多问题或需要进一步的示例，请告诉我。, data=null, code=200)
