2026-06-03 11:36:38.226 INFO  [SimpleAsyncTaskExecutor-1] ServiceLogger - methodName=chatTime=2465
2026-06-03 11:36:38.227 INFO  [SimpleAsyncTaskExecutor-1] ServiceLogger - Object[
    {
        "title": "SpringBoot读取配置相关注解有？",
        "questionType": "SPRINGBOOT",
        "cardType": "MULTIPLE",
        "options": ["@PropertySource", "@Value", "@Environment", "@ConfigurationProperties"],
        "answer": ["@PropertySource", "@Value", "@Environment", "@ConfigurationProperties"],
        "explanation": "SpringBoot 中用于读取配置的注解包括 @PropertySource、@Value、@Environment 和 @ConfigurationProperties。",
        "cardDifficulty": "MEDIUM"
    }
]
2026-06-03 11:36:38.227 INFO  [SimpleAsyncTaskExecutor-1] o.e.paperwise.Service.PdfService - AI 响应长度: 462
2026-06-03 11:36:38.227 INFO  [SimpleAsyncTaskExecutor-1] o.e.paperwise.Service.PdfService - 解析的 JSON: [
    {
        "title": "SpringBoot读取配置相关注解有？",
        "questionType": "SPRINGBOOT",
        "cardType": "MULTIPLE",
        "options": ["@PropertySource", "@Value", "@Environment", "@ConfigurationProperties"],
        "answer": ["@PropertySource", "@Value", "@Environment", "@ConfigurationProperties"],
        "explanation": "SpringBoot 中用于读取配置的注解包括 @PropertySource、@Value、@Environment 和 @ConfigurationProperties。",
        "cardDifficulty": "MEDIUM"
    }
]
2026-06-03 11:36:38.269 INFO  [SimpleAsyncTaskExecutor-1] o.e.paperwise.Service.PdfService - 成功生成 1 张卡片
2026-06-03 11:36:38.269 INFO  [SimpleAsyncTaskExecutor-1] ServiceLogger - methodName=generateFromTextTime=2511
