2026-05-30 17:19:34.135 INFO  [http-nio-8080-exec-5] ServiceLogger - methodName=loginTime=252
2026-05-30 17:19:34.142 INFO  [http-nio-8080-exec-5] ServiceLogger - ObjectUser(userid=1, username=admin, password=$2a$10$TbnBUSL3Rtxrnu00v5Qvk.kvHzzeB7KVhQbjtpp5123z5ChfeFbXm, email=379299583@qq.com, createTime=2026-05-29T20:14:44)
2026-05-30 18:57:43.917 INFO  [http-nio-8080-exec-4] o.e.paperwise.Service.PdfService - 用户ID为1,PDF 文本长度: 18329
2026-05-30 18:57:53.577 INFO  [http-nio-8080-exec-4] ServiceLogger - methodName=chatTime=9657
2026-05-30 18:57:53.578 INFO  [http-nio-8080-exec-4] ServiceLogger - Object[
  {
    "title": "MyBatis是什么？",
    "questionType": "MYBATIS",
    "cardType": "SINGLE",
    "options": ["全ORM框架", "半ORM框架", "数据库连接池", "缓存管理工具"],
    "answer": "半ORM框架",
    "explanation": "MyBatis是一个半ORM框架，它封装了JDBC，但需要开发者手动编写SQL语句。",
    "cardDifficulty": "EASY"
  },
  {
    "title": "MyBatis的优点不包括以下哪项？",
    "questionType": "MYBATIS",
    "cardType": "SINGLE",
    "options": ["灵活控制SQL执行性能", "减少50%以上的代码量", "与各种数据库兼容", "自动处理所有数据库移植问题"],
    "answer": "自动处理所有数据库移植问题",
    "explanation": "MyBatis的SQL语句依赖于数据库，导致数据库移植性差，不能随意更换数据库。",
    "cardDifficulty": "MEDIUM"
  },
  {
    "title": "Hibernate和MyBatis的主要区别是什么？",
    "questionType": "MYBATIS",
    "cardType": "MULTIPLE",
    "options": ["Hibernate是全自动ORM，MyBatis是半自动ORM", "Hibernate使用HQL，MyBatis使用原生SQL", "Hibernate对SQL优化困难，MyBatis容易优化", "Hibernate适合需求变化频繁的项目"],
    "answer": ["Hibernate是全自动ORM，MyBatis是半自动ORM", "Hibernate使用HQL，MyBatis使用原生SQL", "Hibernate对SQL优化困难，MyBatis容易优化"],
    "explanation": "Hibernate是全自动ORM，使用HQL，而MyBatis是半自动ORM，使用原生SQL，且更易进行SQL优化。",
    "cardDifficulty": "MEDIUM"
  },
  {
    "title": "为什么说MyBatis是半自动ORM映射工具？",
    "questionType": "MYBATIS",
    "cardType": "ESSAY",
    "options": [],
    "answer": "因为MyBatis在查询关联对象或关联集合对象时，需要手动编写SQL来完成。",
    "explanation": "Hibernate可以自动根据对象关系模型获取数据，而MyBatis需要手动编写SQL。",
    "cardDifficulty": "MEDIUM"
  },
  {
    "title": "传统JDBC开发存在哪些问题？",
    "questionType": "JDBC",
    "cardType": "MULTIPLE",
    "options": ["频繁创建和释放数据库连接", "SQL语句硬编码", "参数设置麻烦", "结果集处理重复"],
    "answer": ["频繁创建和释放数据库连接", "SQL语句硬编码", "参数设置麻烦", "结果集处理重复"],
    "explanation": "传统JDBC开发存在连接频繁创建、SQL硬编码、参数设置麻烦以及结果集处理重复的问题。",
    "cardDifficulty": "MEDIUM"
  },
  {
    "title": "MyBatis如何解决SQL语句硬编码问题？",
    "questionType": "MYBATIS",
    "cardType": "ESSAY",
    "options": [],
    "answer": "将SQL语句配置在XXXXmapper.xml文件中，与Java代码分离。",
    "explanation": "MyBatis通过将SQL语句配置在XML文件中，实现与Java代码的分离，避免硬编码。",
    "cardDifficulty": "EASY"
  },
  {
    "title": "MyBatis的工作原理第一步是什么？",
    "questionType": "MYBATIS",
    "cardType": "SINGLE",
    "options": ["加载映射文件", "读取MyBatis配置文件", "构造会话工厂", "创建SqlSession"],
    "answer": "读取MyBatis配置文件",
    "explanation": "MyBatis工作原理的第一步是读取全局配置文件mybatis-config.xml。",
    "cardDifficulty": "EASY"
  },
  {
    "title": "MyBatis的功能架构分为哪三层？",
    "questionType": "MYBATIS",
    "cardType": "MULTIPLE",
    "options": ["API接口层", "数据处理层", "基础支撑层", "缓存层"],
    "answer": ["API接口层", "数据处理层", "基础支撑层"],
    "explanation": "MyBatis的功能架构分为API接口层、数据处理层和基础支撑层。",
    "cardDifficulty": "EASY"
  },
  {
    "title": "什么是DBMS？",
    "questionType": "DATABASE",
    "cardType": "ESSAY",
    "options": [],
    "answer": "数据库管理系统（Database Management System），用于建立、使用和维护数据库。",
    "explanation": "DBMS是一种操纵和管理数据库的大型软件，用于统一管理和控制数据库。",
    "cardDifficulty": "EASY"
  },
  {
    "title": "预编译的作用是什么？",
    "questionType": "JDBC",
    "cardType": "ESSAY",
    "options": [],
    "answer": "预编译可以优化SQL执行，减少DBMS重新编译的开销，并支持重复利用PreparedStatement对象。",
    "explanation": "预编译阶段可以优化SQL执行，提高性能并支持重复使用PreparedStatement。",
    "cardDifficulty": "MEDIUM"
  }
]
2026-05-30 18:57:53.579 INFO  [http-nio-8080-exec-4] o.e.paperwise.Service.PdfService - AI 响应长度: 3056
2026-05-30 18:57:53.579 INFO  [http-nio-8080-exec-4] o.e.paperwise.Service.PdfService - 解析的 JSON: [
  {
    "title": "MyBatis是什么？",
    "questionType": "MYBATIS",
    "cardType": "SINGLE",
    "options": ["全ORM框架", "半ORM框架", "数据库连接池", "缓存管理工具"],
    "answer": "半ORM框架",
    "explanation": "MyBatis是一个半ORM框架，它封装了JDBC，但需要开发者手动编写SQL语句。",
    "cardDifficulty": "EASY"
  },
  {
    "title": "MyBatis的优点不包括以下哪项？",
    "questionType": "MYBATIS",
    "cardType": "SINGLE",
    "options": ["灵活控制SQL执行性能", "减少50%以上的代码量", "与各种数据库兼容", "自动处理所有数据库移植问题"],
    "answer": "自动处理所有数据库移植问题",
    "explanation": "MyBatis的SQL语句依赖于数据库，导致数据库移植性差，不能随意更换数据库。",
    "cardDifficulty": "MEDIUM"
  },
  {
    "title": "Hibernate和MyBatis的主要区别是什么？",
    "questionType": "MYBATIS",
    "cardType": "MULTIPLE",
    "options": ["Hibernate是全自动ORM，MyBatis是半自动ORM", "Hibernate使用HQL，MyBatis使用原生SQL", "Hibernate对SQL优化困难，MyBatis容易优化", "Hibernate适合需求变化频繁的项目"],
    "answer": ["Hibernate是全自动ORM，MyBatis是半自动ORM", "Hibernate使用HQL，MyBatis使用原生SQL", "Hibernate对SQL优化困难，MyBatis容易优化"],
    "explanation": "Hibernate是全自动ORM，使用HQL，而MyBatis是半自动ORM，使用原生SQL，且更易进行SQL优化。",
    "cardDifficulty": "MEDIUM"
  },
  {
    "title": "为什么说MyBatis是半自动ORM映射工具？",
    "questionType": "MYBATIS",
    "cardType": "ESSAY",
    "options": [],
    "answer": "因为MyBatis在查询关联对象或关联集合对象时，需要手动编写SQL来完成。",
    "explanation": "Hibernate可以自动根据对象关系模型获取数据，而MyBatis需要手动编写SQL。",
    "cardDifficulty": "MEDIUM"
  },
  {
    "title": "传统JDBC开发存在哪些问题？",
    "questionType": "JDBC",
    "cardType": "MULTIPLE",
    "options": ["频繁创建和释放数据库连接", "SQL语句硬编码", "参数设置麻烦", "结果集处理重复"],
    "answer": ["频繁创建和释放数据库连接", "SQL语句硬编码", "参数设置麻烦", "结果集处理重复"],
    "explanation": "传统JDBC开发存在连接频繁创建、SQL硬编码、参数设置麻烦以及结果集处理重复的问题。",
    "cardDifficulty": "MEDIUM"
  },
  {
    "title": "MyBatis如何解决SQL语句硬编码问题？",
    "questionType": "MYBATIS",
    "cardType": "ESSAY",
    "options": [],
    "answer": "将SQL语句配置在XXXXmapper.xml文件中，与Java代码分离。",
    "explanation": "MyBatis通过将SQL语句配置在XML文件中，实现与Java代码的分离，避免硬编码。",
    "cardDifficulty": "EASY"
  },
  {
    "title": "MyBatis的工作原理第一步是什么？",
    "questionType": "MYBATIS",
    "cardType": "SINGLE",
    "options": ["加载映射文件", "读取MyBatis配置文件", "构造会话工厂", "创建SqlSession"],
    "answer": "读取MyBatis配置文件",
    "explanation": "MyBatis工作原理的第一步是读取全局配置文件mybatis-config.xml。",
    "cardDifficulty": "EASY"
  },
  {
    "title": "MyBatis的功能架构分为哪三层？",
    "questionType": "MYBATIS",
    "cardType": "MULTIPLE",
    "options": ["API接口层", "数据处理层", "基础支撑层", "缓存层"],
    "answer": ["API接口层", "数据处理层", "基础支撑层"],
    "explanation": "MyBatis的功能架构分为API接口层、数据处理层和基础支撑层。",
    "cardDifficulty": "EASY"
  },
  {
    "title": "什么是DBMS？",
    "questionType": "DATABASE",
    "cardType": "ESSAY",
    "options": [],
    "answer": "数据库管理系统（Database Management System），用于建立、使用和维护数据库。",
    "explanation": "DBMS是一种操纵和管理数据库的大型软件，用于统一管理和控制数据库。",
    "cardDifficulty": "EASY"
  },
  {
    "title": "预编译的作用是什么？",
    "questionType": "JDBC",
    "cardType": "ESSAY",
    "options": [],
    "answer": "预编译可以优化SQL执行，减少DBMS重新编译的开销，并支持重复利用PreparedStatement对象。",
    "explanation": "预编译阶段可以优化SQL执行，提高性能并支持重复使用PreparedStatement。",
    "cardDifficulty": "MEDIUM"
  }
]
2026-05-30 18:57:53.606 ERROR [http-nio-8080-exec-4] o.e.paperwise.Service.PdfService - 卡片解析失败: Cannot deserialize value of type `java.lang.String` from Array value (token `JsonToken.START_ARRAY`)
 at [Source: REDACTED (`StreamReadFeature.INCLUDE_SOURCE_IN_LOCATION` disabled); line: 25, column: 15] (through reference chain: java.util.ArrayList[2]->org.example.paperwise.entry.Card["answer"])
2026-05-30 18:57:53.606 INFO  [http-nio-8080-exec-4] ServiceLogger - methodName=generateFromPdfTime=10132
2026-05-30 19:11:19.831 INFO  [http-nio-8080-exec-8] o.e.paperwise.Service.PdfService - 用户ID为1,PDF 文本长度: 18329
2026-05-30 19:11:29.287 INFO  [http-nio-8080-exec-8] ServiceLogger - methodName=chatTime=9453
2026-05-30 19:11:29.287 INFO  [http-nio-8080-exec-8] ServiceLogger - Object[
  {
    "title": "MyBatis是什么？",
    "questionType": "MYBATIS",
    "cardType": "SINGLE",
    "options": ["全ORM框架", "半ORM框架", "数据库连接池", "对象关系映射工具"],
    "answer": "半ORM框架",
    "explanation": "MyBatis是一个半ORM框架，它封装了JDBC，程序员需要直接编写SQL语句。",
    "cardDifficulty": "EASY"
  },
  {
    "title": "MyBatis的优点不包括以下哪项？",
    "questionType": "MYBATIS",
    "cardType": "SINGLE",
    "options": ["减少冗余代码", "支持动态SQL", "完全自动映射", "与Spring集成良好"],
    "answer": "完全自动映射",
    "explanation": "MyBatis是半自动映射框架，不是全自动映射。",
    "cardDifficulty": "MEDIUM"
  },
  {
    "title": "Hibernate和MyBatis的主要区别在于什么？",
    "questionType": "MYBATIS",
    "cardType": "SINGLE",
    "options": ["是否使用XML配置", "是否支持动态SQL", "是否为全自动ORM", "是否与Spring集成"],
    "answer": "是否为全自动ORM",
    "explanation": "Hibernate是全自动ORM，而MyBatis是半自动ORM。",
    "cardDifficulty": "MEDIUM"
  },
  {
    "title": "为什么说MyBatis是半自动ORM映射工具？",
    "questionType": "MYBATIS",
    "cardType": "ESSAY",
    "options": [],
    "answer": "因为MyBatis在查询关联对象或集合时需要手动编写SQL语句，而Hibernate可以自动根据对象关系模型获取数据。",
    "explanation": "MyBatis在处理多表关联时需要手动编写SQL，因此被称为半自动ORM映射工具。",
    "cardDifficulty": "MEDIUM"
  },
  {
    "title": "传统JDBC开发存在的问题有哪些？",
    "questionType": "MYBATIS",
    "cardType": "MULTIPLE",
    "options": ["频繁创建和释放数据库连接", "SQL语句硬编码", "结果集处理麻烦", "支持动态SQL"],
    "answer": ["频繁创建和释放数据库连接", "SQL语句硬编码", "结果集处理麻烦"],
    "explanation": "传统JDBC存在连接管理复杂、SQL硬编码、结果集处理繁琐等问题。",
    "cardDifficulty": "MEDIUM"
  },
  {
    "title": "MyBatis如何解决JDBC的连接频繁问题？",
    "questionType": "MYBATIS",
    "cardType": "ESSAY",
    "options": [],
    "answer": "通过在mybatis-config.xml中配置数据连接池，使用连接池管理数据库连接。",
    "explanation": "MyBatis通过配置连接池来减少数据库连接的频繁创建和释放。",
    "cardDifficulty": "EASY"
  },
  {
    "title": "MyBatis的工作原理第一步是什么？",
    "questionType": "MYBATIS",
    "cardType": "SINGLE",
    "options": ["加载映射文件", "读取配置文件", "创建SqlSession", "执行SQL语句"],
    "answer": "读取配置文件",
    "explanation": "MyBatis工作原理的第一步是读取全局配置文件mybatis-config.xml。",
    "cardDifficulty": "EASY"
  },
  {
    "title": "MyBatis的功能架构分为哪三层？",
    "questionType": "MYBATIS",
    "cardType": "SINGLE",
    "options": ["API接口层、数据处理层、基础支撑层", "配置层、执行层、映射层", "连接层、操作层、缓存层", "请求层、响应层、处理层"],
    "answer": "API接口层、数据处理层、基础支撑层",
    "explanation": "MyBatis的功能架构分为API接口层、数据处理层和基础支撑层。",
    "cardDifficulty": "MEDIUM"
  },
  {
    "title": "DBMS的中文名称是什么？",
    "questionType": "DATABASE",
    "cardType": "SINGLE",
    "options": ["数据库", "数据库管理系统", "数据定义语言", "数据操作语言"],
    "answer": "数据库管理系统",
    "explanation": "DBMS是Database Management System的缩写，即数据库管理系统。",
    "cardDifficulty": "EASY"
  },
  {
    "title": "预编译SQL的好处是什么？",
    "questionType": "JDBC",
    "cardType": "ESSAY",
    "options": [],
    "answer": "预编译可以优化SQL执行，减少重复编译，提高性能，并且可以防止SQL注入。",
    "explanation": "预编译可以提升SQL执行效率，减少数据库负担，同时增强安全性。",
    "cardDifficulty": "MEDIUM"
  }
]
2026-05-30 19:11:29.288 INFO  [http-nio-8080-exec-8] o.e.paperwise.Service.PdfService - AI 响应长度: 2825
2026-05-30 19:11:29.288 INFO  [http-nio-8080-exec-8] o.e.paperwise.Service.PdfService - 解析的 JSON: [
  {
    "title": "MyBatis是什么？",
    "questionType": "MYBATIS",
    "cardType": "SINGLE",
    "options": ["全ORM框架", "半ORM框架", "数据库连接池", "对象关系映射工具"],
    "answer": "半ORM框架",
    "explanation": "MyBatis是一个半ORM框架，它封装了JDBC，程序员需要直接编写SQL语句。",
    "cardDifficulty": "EASY"
  },
  {
    "title": "MyBatis的优点不包括以下哪项？",
    "questionType": "MYBATIS",
    "cardType": "SINGLE",
    "options": ["减少冗余代码", "支持动态SQL", "完全自动映射", "与Spring集成良好"],
    "answer": "完全自动映射",
    "explanation": "MyBatis是半自动映射框架，不是全自动映射。",
    "cardDifficulty": "MEDIUM"
  },
  {
    "title": "Hibernate和MyBatis的主要区别在于什么？",
    "questionType": "MYBATIS",
    "cardType": "SINGLE",
    "options": ["是否使用XML配置", "是否支持动态SQL", "是否为全自动ORM", "是否与Spring集成"],
    "answer": "是否为全自动ORM",
    "explanation": "Hibernate是全自动ORM，而MyBatis是半自动ORM。",
    "cardDifficulty": "MEDIUM"
  },
  {
    "title": "为什么说MyBatis是半自动ORM映射工具？",
    "questionType": "MYBATIS",
    "cardType": "ESSAY",
    "options": [],
    "answer": "因为MyBatis在查询关联对象或集合时需要手动编写SQL语句，而Hibernate可以自动根据对象关系模型获取数据。",
    "explanation": "MyBatis在处理多表关联时需要手动编写SQL，因此被称为半自动ORM映射工具。",
    "cardDifficulty": "MEDIUM"
  },
  {
    "title": "传统JDBC开发存在的问题有哪些？",
    "questionType": "MYBATIS",
    "cardType": "MULTIPLE",
    "options": ["频繁创建和释放数据库连接", "SQL语句硬编码", "结果集处理麻烦", "支持动态SQL"],
    "answer": ["频繁创建和释放数据库连接", "SQL语句硬编码", "结果集处理麻烦"],
    "explanation": "传统JDBC存在连接管理复杂、SQL硬编码、结果集处理繁琐等问题。",
    "cardDifficulty": "MEDIUM"
  },
  {
    "title": "MyBatis如何解决JDBC的连接频繁问题？",
    "questionType": "MYBATIS",
    "cardType": "ESSAY",
    "options": [],
    "answer": "通过在mybatis-config.xml中配置数据连接池，使用连接池管理数据库连接。",
    "explanation": "MyBatis通过配置连接池来减少数据库连接的频繁创建和释放。",
    "cardDifficulty": "EASY"
  },
  {
    "title": "MyBatis的工作原理第一步是什么？",
    "questionType": "MYBATIS",
    "cardType": "SINGLE",
    "options": ["加载映射文件", "读取配置文件", "创建SqlSession", "执行SQL语句"],
    "answer": "读取配置文件",
    "explanation": "MyBatis工作原理的第一步是读取全局配置文件mybatis-config.xml。",
    "cardDifficulty": "EASY"
  },
  {
    "title": "MyBatis的功能架构分为哪三层？",
    "questionType": "MYBATIS",
    "cardType": "SINGLE",
    "options": ["API接口层、数据处理层、基础支撑层", "配置层、执行层、映射层", "连接层、操作层、缓存层", "请求层、响应层、处理层"],
    "answer": "API接口层、数据处理层、基础支撑层",
    "explanation": "MyBatis的功能架构分为API接口层、数据处理层和基础支撑层。",
    "cardDifficulty": "MEDIUM"
  },
  {
    "title": "DBMS的中文名称是什么？",
    "questionType": "DATABASE",
    "cardType": "SINGLE",
    "options": ["数据库", "数据库管理系统", "数据定义语言", "数据操作语言"],
    "answer": "数据库管理系统",
    "explanation": "DBMS是Database Management System的缩写，即数据库管理系统。",
    "cardDifficulty": "EASY"
  },
  {
    "title": "预编译SQL的好处是什么？",
    "questionType": "JDBC",
    "cardType": "ESSAY",
    "options": [],
    "answer": "预编译可以优化SQL执行，减少重复编译，提高性能，并且可以防止SQL注入。",
    "explanation": "预编译可以提升SQL执行效率，减少数据库负担，同时增强安全性。",
    "cardDifficulty": "MEDIUM"
  }
]
2026-05-30 19:11:29.303 INFO  [http-nio-8080-exec-8] o.e.paperwise.Service.PdfService - 成功生成 10 张卡片
2026-05-30 19:11:29.303 INFO  [http-nio-8080-exec-8] ServiceLogger - methodName=generateFromPdfTime=9747
2026-05-30 19:11:29.303 INFO  [http-nio-8080-exec-8] ServiceLogger - Object[Card(cardId=null, userid=1, title=MyBatis是什么？, options=[全ORM框架, 半ORM框架, 数据库连接池, 对象关系映射工具], answer=半ORM框架, explanation=MyBatis是一个半ORM框架，它封装了JDBC，程序员需要直接编写SQL语句。, questionType=MYBATIS, cardType=SINGLE, cardDifficulty=EASY, cardMastery=NOT_STARTED, createTime=2026-05-30T19:11:29.294333500), Card(cardId=null, userid=1, title=MyBatis的优点不包括以下哪项？, options=[减少冗余代码, 支持动态SQL, 完全自动映射, 与Spring集成良好], answer=完全自动映射, explanation=MyBatis是半自动映射框架，不是全自动映射。, questionType=MYBATIS, cardType=SINGLE, cardDifficulty=MEDIUM, cardMastery=NOT_STARTED, createTime=2026-05-30T19:11:29.294333500), Card(cardId=null, userid=1, title=Hibernate和MyBatis的主要区别在于什么？, options=[是否使用XML配置, 是否支持动态SQL, 是否为全自动ORM, 是否与Spring集成], answer=是否为全自动ORM, explanation=Hibernate是全自动ORM，而MyBatis是半自动ORM。, questionType=MYBATIS, cardType=SINGLE, cardDifficulty=MEDIUM, cardMastery=NOT_STARTED, createTime=2026-05-30T19:11:29.294333500), Card(cardId=null, userid=1, title=为什么说MyBatis是半自动ORM映射工具？, options=[], answer=因为MyBatis在查询关联对象或集合时需要手动编写SQL语句，而Hibernate可以自动根据对象关系模型获取数据。, explanation=MyBatis在处理多表关联时需要手动编写SQL，因此被称为半自动ORM映射工具。, questionType=MYBATIS, cardType=ESSAY, cardDifficulty=MEDIUM, cardMastery=NOT_STARTED, createTime=2026-05-30T19:11:29.294333500), Card(cardId=null, userid=1, title=传统JDBC开发存在的问题有哪些？, options=[频繁创建和释放数据库连接, SQL语句硬编码, 结果集处理麻烦, 支持动态SQL], answer=[频繁创建和释放数据库连接, SQL语句硬编码, 结果集处理麻烦], explanation=传统JDBC存在连接管理复杂、SQL硬编码、结果集处理繁琐等问题。, questionType=MYBATIS, cardType=MULTIPLE, cardDifficulty=MEDIUM, cardMastery=NOT_STARTED, createTime=2026-05-30T19:11:29.294333500), Card(cardId=null, userid=1, title=MyBatis如何解决JDBC的连接频繁问题？, options=[], answer=通过在mybatis-config.xml中配置数据连接池，使用连接池管理数据库连接。, explanation=MyBatis通过配置连接池来减少数据库连接的频繁创建和释放。, questionType=MYBATIS, cardType=ESSAY, cardDifficulty=EASY, cardMastery=NOT_STARTED, createTime=2026-05-30T19:11:29.294333500), Card(cardId=null, userid=1, title=MyBatis的工作原理第一步是什么？, options=[加载映射文件, 读取配置文件, 创建SqlSession, 执行SQL语句], answer=读取配置文件, explanation=MyBatis工作原理的第一步是读取全局配置文件mybatis-config.xml。, questionType=MYBATIS, cardType=SINGLE, cardDifficulty=EASY, cardMastery=NOT_STARTED, createTime=2026-05-30T19:11:29.294333500), Card(cardId=null, userid=1, title=MyBatis的功能架构分为哪三层？, options=[API接口层、数据处理层、基础支撑层, 配置层、执行层、映射层, 连接层、操作层、缓存层, 请求层、响应层、处理层], answer=API接口层、数据处理层、基础支撑层, explanation=MyBatis的功能架构分为API接口层、数据处理层和基础支撑层。, questionType=MYBATIS, cardType=SINGLE, cardDifficulty=MEDIUM, cardMastery=NOT_STARTED, createTime=2026-05-30T19:11:29.294333500), Card(cardId=null, userid=1, title=DBMS的中文名称是什么？, options=[数据库, 数据库管理系统, 数据定义语言, 数据操作语言], answer=数据库管理系统, explanation=DBMS是Database Management System的缩写，即数据库管理系统。, questionType=DATABASE, cardType=SINGLE, cardDifficulty=EASY, cardMastery=NOT_STARTED, createTime=2026-05-30T19:11:29.294333500), Card(cardId=null, userid=1, title=预编译SQL的好处是什么？, options=[], answer=预编译可以优化SQL执行，减少重复编译，提高性能，并且可以防止SQL注入。, explanation=预编译可以提升SQL执行效率，减少数据库负担，同时增强安全性。, questionType=JDBC, cardType=ESSAY, cardDifficulty=MEDIUM, cardMastery=NOT_STARTED, createTime=2026-05-30T19:11:29.294333500)]
