2026-06-18 19:52:35.658 INFO  [http-nio-8080-exec-6] ServiceLogger - methodName=chatTime=32614
2026-06-18 19:52:35.661 INFO  [http-nio-8080-exec-6] ServiceLogger - Object好的，我们来详细讲解一下这个问题。

### 题目内容：
Spring Boot 如何兼容传统 Spring 项目？

### 正确答案及解析

#### 解析

Spring Boot 兼容传统 Spring 项目的几种主要方式包括：

1. **配置文件兼容性**
   - **application.properties/yml 文件**：Spring Boot 提供了 `application.properties` 和 `application.yml` 文件，用于定义各种配置参数。这些文件可以与传统的 Spring 配置文件（如 `beans.xml`）共同使用。
     ```properties
     # application.properties 或 application.yml
     spring.datasource.url=jdbc:mysql://localhost:3306/mydb
     spring.datasource.username=root
     spring.datasource.password=123456
     ```

   - **自定义配置类**：可以在 Spring Boot 项目中使用传统的 XML 配置文件，或者直接在 Java 类中编写 `@Configuration` 注解的配置类。
     ```java
     @Configuration
     public class MyConfig {
         // 自定义配置内容
     }
     ```

2. **启动类注解兼容性**
   - **@SpringBootApplication**：这是一个复合注解，包含了 `@Configuration`, `@EnableAutoConfiguration`, 和 `@ComponentScan`。尽管通常用在 Spring Boot 项目中，但可以在传统 Spring 项目中引入这个注解。
     ```java
     import org.springframework.boot.SpringApplication;
     import org.springframework.boot.autoconfigure.SpringBootApplication;

     @SpringBootApplication
     public class TraditionalSpringApplication {
         public static void main(String[] args) {
             SpringApplication.run(TraditionalSpringApplication.class, args);
         }
     }
     ```

3. **兼容传统 Spring 组件**
   - **@Component/@Service/@Repository**：这些注解可以用于标记传统的 Spring 组件，而不需要进行大量的代码修改。
     ```java
     @Service
     public class MyService {
         // 服务实现内容
     }
     ```

4. **自动配置和手动配置的兼容性**
   - **@ConfigurationProperties** 和 **@EnableConfigurationProperties**：这些注解可以帮助管理复杂的配置属性，同时可以与传统 Spring 的 `@PropertySource` 注解一起使用。
     ```java
     import org.springframework.boot.context.properties.ConfigurationProperties;
     import org.springframework.stereotype.Component;

     @Component
     @ConfigurationProperties(prefix = "my.app")
     public class AppConfig {
         private String appSetting1;
         private int appSetting2;

         // Getter 和 Setter 方法
     }
     ```

5. **Spring Boot Starter 依赖**
   - Spring Boot 的 Starter 依赖可以简化配置，使得在传统项目中引入 Spring Boot 功能变得简单。例如，使用 `spring-boot-starter-data-jpa` 可以快速集成 JPA 数据访问。
     ```xml
     <dependency>
         <groupId>org.springframework.boot</groupId>
         <artifactId>spring-boot-starter-data-jpa</artifactId>
     </dependency>
     ```

### 示例代码

以下是一个简单的传统 Spring 项目兼容 Spring Boot 的示例：

```java
import org.springframework.boot.SpringApplication;
import org.springframework.boot.autoconfigure.SpringBootApplication;

@SpringBootApplication
public class TraditionalSpringApplication {
    public static void main(String[] args) {
        SpringApplication.run(TraditionalSpringApplication.class, args);
    }
}

@Service
class MyService {
    // 服务实现内容
}
```

在这个示例中：
- `@SpringBootApplication` 注解表示这是一个 Spring Boot 应用的启动类，它包含了 `@Configuration`, `@EnableAutoConfiguration`, 和 `@ComponentScan`。
- `MyService` 类使用了 `@Service` 注解标记为一个传统 Spring 组件。

### 总结
Spring Boot 通过多种方式兼容传统的 Spring 项目：
1. **配置文件**：可以与 `application.properties` 或 `application.yml` 文件一起使用，定义各种配置参数。
2. **启动类注解**：可以在传统 Spring 项目的启动类中引入 `@SpringBootApplication` 注解。
3. **组件注解**：如 `@Service`, `@Repository` 等可以用于标记传统的 Spring 组件。
4. **自动配置和手动配置的兼容性**：通过 `@ConfigurationProperties` 和 `@EnableConfigurationProperties` 管理复杂的配置属性。

希望这个详细的讲解对你有帮助！如果有更多问题或需要进一步探讨，请随时告诉我。
2026-06-18 19:52:35.681 INFO  [http-nio-8080-exec-6] ServiceLogger - methodName=askTime=32674
2026-06-18 19:52:35.681 INFO  [http-nio-8080-exec-6] ServiceLogger - Object好的，我们来详细讲解一下这个问题。

### 题目内容：
Spring Boot 如何兼容传统 Spring 项目？

### 正确答案及解析

#### 解析

Spring Boot 兼容传统 Spring 项目的几种主要方式包括：

1. **配置文件兼容性**
   - **application.properties/yml 文件**：Spring Boot 提供了 `application.properties` 和 `application.yml` 文件，用于定义各种配置参数。这些文件可以与传统的 Spring 配置文件（如 `beans.xml`）共同使用。
     ```properties
     # application.properties 或 application.yml
     spring.datasource.url=jdbc:mysql://localhost:3306/mydb
     spring.datasource.username=root
     spring.datasource.password=123456
     ```

   - **自定义配置类**：可以在 Spring Boot 项目中使用传统的 XML 配置文件，或者直接在 Java 类中编写 `@Configuration` 注解的配置类。
     ```java
     @Configuration
     public class MyConfig {
         // 自定义配置内容
     }
     ```

2. **启动类注解兼容性**
   - **@SpringBootApplication**：这是一个复合注解，包含了 `@Configuration`, `@EnableAutoConfiguration`, 和 `@ComponentScan`。尽管通常用在 Spring Boot 项目中，但可以在传统 Spring 项目中引入这个注解。
     ```java
     import org.springframework.boot.SpringApplication;
     import org.springframework.boot.autoconfigure.SpringBootApplication;

     @SpringBootApplication
     public class TraditionalSpringApplication {
         public static void main(String[] args) {
             SpringApplication.run(TraditionalSpringApplication.class, args);
         }
     }
     ```

3. **兼容传统 Spring 组件**
   - **@Component/@Service/@Repository**：这些注解可以用于标记传统的 Spring 组件，而不需要进行大量的代码修改。
     ```java
     @Service
     public class MyService {
         // 服务实现内容
     }
     ```

4. **自动配置和手动配置的兼容性**
   - **@ConfigurationProperties** 和 **@EnableConfigurationProperties**：这些注解可以帮助管理复杂的配置属性，同时可以与传统 Spring 的 `@PropertySource` 注解一起使用。
     ```java
     import org.springframework.boot.context.properties.ConfigurationProperties;
     import org.springframework.stereotype.Component;

     @Component
     @ConfigurationProperties(prefix = "my.app")
     public class AppConfig {
         private String appSetting1;
         private int appSetting2;

         // Getter 和 Setter 方法
     }
     ```

5. **Spring Boot Starter 依赖**
   - Spring Boot 的 Starter 依赖可以简化配置，使得在传统项目中引入 Spring Boot 功能变得简单。例如，使用 `spring-boot-starter-data-jpa` 可以快速集成 JPA 数据访问。
     ```xml
     <dependency>
         <groupId>org.springframework.boot</groupId>
         <artifactId>spring-boot-starter-data-jpa</artifactId>
     </dependency>
     ```

### 示例代码

以下是一个简单的传统 Spring 项目兼容 Spring Boot 的示例：

```java
import org.springframework.boot.SpringApplication;
import org.springframework.boot.autoconfigure.SpringBootApplication;

@SpringBootApplication
public class TraditionalSpringApplication {
    public static void main(String[] args) {
        SpringApplication.run(TraditionalSpringApplication.class, args);
    }
}

@Service
class MyService {
    // 服务实现内容
}
```

在这个示例中：
- `@SpringBootApplication` 注解表示这是一个 Spring Boot 应用的启动类，它包含了 `@Configuration`, `@EnableAutoConfiguration`, 和 `@ComponentScan`。
- `MyService` 类使用了 `@Service` 注解标记为一个传统 Spring 组件。

### 总结
Spring Boot 通过多种方式兼容传统的 Spring 项目：
1. **配置文件**：可以与 `application.properties` 或 `application.yml` 文件一起使用，定义各种配置参数。
2. **启动类注解**：可以在传统 Spring 项目的启动类中引入 `@SpringBootApplication` 注解。
3. **组件注解**：如 `@Service`, `@Repository` 等可以用于标记传统的 Spring 组件。
4. **自动配置和手动配置的兼容性**：通过 `@ConfigurationProperties` 和 `@EnableConfigurationProperties` 管理复杂的配置属性。

希望这个详细的讲解对你有帮助！如果有更多问题或需要进一步探讨，请随时告诉我。
